Archive member included to satisfy reference by file (symbol)

libapp.a(main.c.obj)          (--whole-archive)
zephyr/libzephyr.a(isr_tables.c.obj)
                              (--whole-archive)
zephyr/libzephyr.a(thread_entry.c.obj)
                              (--whole-archive)
zephyr/libzephyr.a(crc32_sw.c.obj)
                              (--whole-archive)
zephyr/libzephyr.a(crc16_sw.c.obj)
                              (--whole-archive)
zephyr/libzephyr.a(crc8_sw.c.obj)
                              (--whole-archive)
zephyr/libzephyr.a(mempool.c.obj)
                              (--whole-archive)
zephyr/libzephyr.a(rb.c.obj)  (--whole-archive)
zephyr/libzephyr.a(printk.c.obj)
                              (--whole-archive)
zephyr/libzephyr.a(configs.c.obj)
                              (--whole-archive)
zephyr/libzephyr.a(power.c.obj)
                              (--whole-archive)
zephyr/libzephyr.a(soc.c.obj)
                              (--whole-archive)
zephyr/libzephyr.a(mpu_regions.c.obj)
                              (--whole-archive)
zephyr/libzephyr.a(system_nrf52.c.obj)
                              (--whole-archive)
zephyr/libzephyr.a(nrfx_glue.c.obj)
                              (--whole-archive)
zephyr/libzephyr.a(SEGGER_RTT.c.obj)
                              (--whole-archive)
zephyr/libzephyr.a(SEGGER_RTT_zephyr.c.obj)
                              (--whole-archive)
zephyr/libzephyr.a(rtt_console.c.obj)
                              (--whole-archive)
zephyr/libzephyr.a(nrf5_power_clock.c.obj)
                              (--whole-archive)
zephyr/libzephyr.a(sys_clock_init.c.obj)
                              (--whole-archive)
zephyr/libzephyr.a(nrf_rtc_timer.c.obj)
                              (--whole-archive)
zephyr/arch/arm/core/libarch__arm__core.a(exc_exit.S.obj)
                              (--whole-archive)
zephyr/arch/arm/core/libarch__arm__core.a(irq_init.c.obj)
                              (--whole-archive)
zephyr/arch/arm/core/libarch__arm__core.a(swap.c.obj)
                              (--whole-archive)
zephyr/arch/arm/core/libarch__arm__core.a(swap_helper.S.obj)
                              (--whole-archive)
zephyr/arch/arm/core/libarch__arm__core.a(fault.c.obj)
                              (--whole-archive)
zephyr/arch/arm/core/libarch__arm__core.a(irq_manage.c.obj)
                              (--whole-archive)
zephyr/arch/arm/core/libarch__arm__core.a(thread.c.obj)
                              (--whole-archive)
zephyr/arch/arm/core/libarch__arm__core.a(cpu_idle.S.obj)
                              (--whole-archive)
zephyr/arch/arm/core/libarch__arm__core.a(fault_s.S.obj)
                              (--whole-archive)
zephyr/arch/arm/core/libarch__arm__core.a(fatal.c.obj)
                              (--whole-archive)
zephyr/arch/arm/core/libarch__arm__core.a(sys_fatal_error_handler.c.obj)
                              (--whole-archive)
zephyr/arch/arm/core/libarch__arm__core.a(thread_abort.c.obj)
                              (--whole-archive)
zephyr/arch/arm/core/libarch__arm__core.a(isr_wrapper.S.obj)
                              (--whole-archive)
zephyr/arch/arm/core/cortex_m/libarch__arm__core__cortex_m.a(vector_table.S.obj)
                              (--whole-archive)
zephyr/arch/arm/core/cortex_m/libarch__arm__core__cortex_m.a(reset.S.obj)
                              (--whole-archive)
zephyr/arch/arm/core/cortex_m/libarch__arm__core__cortex_m.a(nmi_on_reset.S.obj)
                              (--whole-archive)
zephyr/arch/arm/core/cortex_m/libarch__arm__core__cortex_m.a(prep_c.c.obj)
                              (--whole-archive)
zephyr/arch/arm/core/cortex_m/libarch__arm__core__cortex_m.a(scb.c.obj)
                              (--whole-archive)
zephyr/arch/arm/core/cortex_m/libarch__arm__core__cortex_m.a(nmi.c.obj)
                              (--whole-archive)
zephyr/arch/arm/core/cortex_m/libarch__arm__core__cortex_m.a(exc_manage.c.obj)
                              (--whole-archive)
zephyr/arch/arm/core/cortex_m/mpu/libarch__arm__core__cortex_m__mpu.a(arm_core_mpu.c.obj)
                              (--whole-archive)
zephyr/arch/arm/core/cortex_m/mpu/libarch__arm__core__cortex_m__mpu.a(arm_mpu.c.obj)
                              (--whole-archive)
zephyr/lib/libc/minimal/liblib__libc__minimal.a(atoi.c.obj)
                              (--whole-archive)
zephyr/lib/libc/minimal/liblib__libc__minimal.a(strtol.c.obj)
                              (--whole-archive)
zephyr/lib/libc/minimal/liblib__libc__minimal.a(strtoul.c.obj)
                              (--whole-archive)
zephyr/lib/libc/minimal/liblib__libc__minimal.a(malloc.c.obj)
                              (--whole-archive)
zephyr/lib/libc/minimal/liblib__libc__minimal.a(strncasecmp.c.obj)
                              (--whole-archive)
zephyr/lib/libc/minimal/liblib__libc__minimal.a(strstr.c.obj)
                              (--whole-archive)
[...]
Memory Configuration

Name             Origin             Length             Attributes
FLASH            0x0000000000000000 0x0000000000080000 xr
SRAM             0x0000000020000000 0x0000000000010000 xw
IDT_LIST         0x0000000020010000 0x0000000000000800 xw
*default*        0x0000000000000000 0xffffffffffffffff

Linker script and memory map

LOAD zephyr/CMakeFiles/kernel_elf.dir/misc/empty_file.c.obj
LOAD zephyr/CMakeFiles/kernel_elf.dir/isr_tables.c.obj
LOAD libapp.a
LOAD zephyr/libzephyr.a
LOAD zephyr/arch/arm/core/libarch__arm__core.a
LOAD zephyr/arch/arm/core/cortex_m/libarch__arm__core__cortex_m.a
LOAD zephyr/arch/arm/core/cortex_m/mpu/libarch__arm__core__cortex_m__mpu.a
LOAD zephyr/lib/libc/minimal/liblib__libc__minimal.a
LOAD zephyr/drivers/gpio/libdrivers__gpio.a
LOAD zephyr/kernel/libkernel.a
LOAD zephyr/CMakeFiles/offsets.dir/arch/arm/core/offsets/offsets.c.obj
LOAD /home/markg/cs7ns2/gcc-arm-none-eabi/bin/../lib/gcc/arm-none-eabi/8.2.1/thumb/v7e-m/nofp/libgcc.a

.rel.plt        0x0000000000000000        0x0
 *(.rel.plt)
                [!provide]                        PROVIDE (__rel_iplt_start = .)
 *(.rel.iplt)
 .rel.iplt      0x0000000000000000        0x0 zephyr/CMakeFiles/kernel_elf.dir/isr_tables.c.obj
                [!provide]                        PROVIDE (__rel_iplt_end = .)

.rela.plt       0x0000000000000000        0x0
 *(.rela.plt)
                [!provide]                        PROVIDE (__rela_iplt_start = .)
 *(.rela.iplt)
                [!provide]                        PROVIDE (__rela_iplt_end = .)

.rel.dyn
 *(.rel.*)

.rela.dyn
 *(.rela.*)

.plt
 *(.plt)

.iplt           0x0000000000000000        0x0
 *(.iplt)
 .iplt          0x0000000000000000        0x0 zephyr/CMakeFiles/kernel_elf.dir/isr_tables.c.obj
                0x0000000000000000                _image_rom_start = 0x0

text            0x0000000000000000     0x2c5a
                0x0000000000000000                . = 0x0
                0x0000000000000000                _vector_start = .
 *(.exc_vector_table)
 *(.exc_vector_table.*)
 .exc_vector_table._vector_table_section
                0x0000000000000000       0x40 zephyr/arch/arm/core/cortex_m/libarch__arm__core__cortex_m.a(vector_table.S.obj)
                0x0000000000000000                _vector_table
 *(.gnu.linkonce.irq_vector_table)
 .gnu.linkonce.irq_vector_table
                0x0000000000000040       0x9c zephyr/CMakeFiles/kernel_elf.dir/isr_tables.c.obj
                0x0000000000000040                _irq_vector_table
 *(.vectors)
 *(.openocd_dbg)
 *(.openocd_dbg.*)
 *(.kinetis_flash_config)
 *(.kinetis_flash_config.*)
 *(.gnu.linkonce.sw_isr_table)
 .gnu.linkonce.sw_isr_table
                0x00000000000000dc      0x138 zephyr/CMakeFiles/kernel_elf.dir/isr_tables.c.obj
                0x00000000000000dc                _sw_isr_table
                0x0000000000000214                _vector_end = .
                0x0000000000000214                _image_text_start = .
 *(.text)
 .text          0x0000000000000214       0xa0 /home/markg/cs7ns2/gcc-arm-none-eabi/bin/../lib/gcc/arm-none-eabi/8.2.1/thumb/v7e-m/nofp/libgcc.a(_aeabi_ldivmod.o)
                0x0000000000000214                __aeabi_ldivmod
 .text          0x00000000000002b4       0x30 /home/markg/cs7ns2/gcc-arm-none-eabi/bin/../lib/gcc/arm-none-eabi/8.2.1/thumb/v7e-m/nofp/libgcc.a(_aeabi_uldivmod.o)
                0x00000000000002b4                __aeabi_uldivmod
 .text          0x00000000000002e4      0x2d0 /home/markg/cs7ns2/gcc-arm-none-eabi/bin/../lib/gcc/arm-none-eabi/8.2.1/thumb/v7e-m/nofp/libgcc.a(_udivmoddi4.o)
                0x00000000000002e4                __udivmoddi4
 .text          0x00000000000005b4        0x4 /home/markg/cs7ns2/gcc-arm-none-eabi/bin/../lib/gcc/arm-none-eabi/8.2.1/thumb/v7e-m/nofp/libgcc.a(_dvmd_tls.o)
                0x00000000000005b4                __aeabi_ldiv0
                0x00000000000005b4                __aeabi_idiv0
 *(.text.*)
 .text.gpio_pin_configure
                0x00000000000005b8       0x12 libapp.a(main.c.obj)
 .text.gpio_pin_write
                0x00000000000005ca       0x12 libapp.a(main.c.obj)
 .text.ds18b20_send_bit
                0x00000000000005dc       0x84 libapp.a(main.c.obj)
                0x00000000000005dc                ds18b20_send_bit
 .text.ds18b20_recv_bit
                0x0000000000000660       0x70 libapp.a(main.c.obj)
                0x0000000000000660                ds18b20_recv_bit
 .text.ds18b20_send_byte
                0x00000000000006d0       0x22 libapp.a(main.c.obj)
                0x00000000000006d0                ds18b20_send_byte
 .text.ds18b20_recv_byte
                0x00000000000006f2       0x20 libapp.a(main.c.obj)
                0x00000000000006f2                ds18b20_recv_byte
 *fill*         0x0000000000000712        0x2 
 .text.ds18b20_reset_pulse
                0x0000000000000714       0x6c libapp.a(main.c.obj)
                0x0000000000000714                ds18b20_reset_pulse
 .text.ds18b20_get_temp
                0x0000000000000780       0x5c libapp.a(main.c.obj)
                0x0000000000000780                ds18b20_get_temp
 .text.main     0x00000000000007dc       0x8c libapp.a(main.c.obj)
                0x00000000000007dc                main
 .text._thread_entry
                0x0000000000000868       0x14 zephyr/libzephyr.a(thread_entry.c.obj)
                0x0000000000000868                _thread_entry
 .text._nop_char_out
                0x000000000000087c        0x4 zephyr/libzephyr.a(printk.c.obj)
 .text.char_out
                0x0000000000000880       0x10 zephyr/libzephyr.a(printk.c.obj)
 .text._printk_dec_ulong
                0x0000000000000890       0xa0 zephyr/libzephyr.a(printk.c.obj)
 .text.__printk_hook_install
                0x0000000000000930        0xc zephyr/libzephyr.a(printk.c.obj)
                0x0000000000000930                __printk_hook_install
 .text._vprintk
                0x000000000000093c      0x23e zephyr/libzephyr.a(printk.c.obj)
                0x000000000000093c                _vprintk
 *fill*         0x0000000000000b7a        0x2 
 .text.vprintk  0x0000000000000b7c       0x1c zephyr/libzephyr.a(printk.c.obj)
                0x0000000000000b7c                vprintk
 .text.printk   0x0000000000000b98       0x1a zephyr/libzephyr.a(printk.c.obj)
                0x0000000000000b98                printk
 .text._ConfigAbsSyms
                0x0000000000000bb2        0x2 zephyr/libzephyr.a(configs.c.obj)
                0x0000000000000bb2                _ConfigAbsSyms
 .text.nordicsemi_nrf52_init
                0x0000000000000bb4       0x3c zephyr/libzephyr.a(soc.c.obj)
 .text.errata_12
                0x0000000000000bf0       0x40 zephyr/libzephyr.a(system_nrf52.c.obj)
 .text.errata_16
                0x0000000000000c30       0x34 zephyr/libzephyr.a(system_nrf52.c.obj)
 .text.SystemInit
                0x0000000000000c64      0x248 zephyr/libzephyr.a(system_nrf52.c.obj)
                0x0000000000000c64                SystemInit
 .text._GetAvailWriteSpace
                0x0000000000000eac       0x1c zephyr/libzephyr.a(SEGGER_RTT.c.obj)
 .text._WriteNoCheck
                0x0000000000000ec8       0x34 zephyr/libzephyr.a(SEGGER_RTT.c.obj)
 .text._WriteBlocking
                0x0000000000000efc       0x52 zephyr/libzephyr.a(SEGGER_RTT.c.obj)
 *fill*         0x0000000000000f4e        0x2 
 .text._DoInit  0x0000000000000f50       0x60 zephyr/libzephyr.a(SEGGER_RTT.c.obj)
 .text.SEGGER_RTT_WriteNoLock
                0x0000000000000fb0       0x68 zephyr/libzephyr.a(SEGGER_RTT.c.obj)
                0x0000000000000fb0                SEGGER_RTT_WriteNoLock
 .text.SEGGER_RTT_Init
                0x0000000000001018        0x4 zephyr/libzephyr.a(SEGGER_RTT.c.obj)
                0x0000000000001018                SEGGER_RTT_Init
 .text.rtt_init
                0x000000000000101c        0x8 zephyr/libzephyr.a(SEGGER_RTT_zephyr.c.obj)
 .text.rtt_console_init
                0x0000000000001024       0x18 zephyr/libzephyr.a(rtt_console.c.obj)
 .text.rtt_console_out
                0x000000000000103c       0x68 zephyr/libzephyr.a(rtt_console.c.obj)
 .text._m16src_stop
                0x00000000000010a4       0x60 zephyr/libzephyr.a(nrf5_power_clock.c.obj)
 .text._clock_control_init
                0x0000000000001104       0x16 zephyr/libzephyr.a(nrf5_power_clock.c.obj)
 *fill*         0x000000000000111a        0x2 
 .text._m16src_start
                0x000000000000111c       0xb4 zephyr/libzephyr.a(nrf5_power_clock.c.obj)
 .text._k32src_start
                0x00000000000011d0       0x90 zephyr/libzephyr.a(nrf5_power_clock.c.obj)
 .text._power_clock_isr
                0x0000000000001260       0xac zephyr/libzephyr.a(nrf5_power_clock.c.obj)
 .text.rtc_compare_set
                0x000000000000130c       0x30 zephyr/libzephyr.a(nrf_rtc_timer.c.obj)
 .text.rtc_announce_set_next
                0x000000000000133c       0x60 zephyr/libzephyr.a(nrf_rtc_timer.c.obj)
 .text.rtc1_nrf5_isr
                0x000000000000139c       0x10 zephyr/libzephyr.a(nrf_rtc_timer.c.obj)
                0x000000000000139c                rtc1_nrf5_isr
 .text.z_clock_set_timeout
                0x00000000000013ac        0x2 zephyr/libzephyr.a(nrf_rtc_timer.c.obj)
                0x00000000000013ac                z_clock_set_timeout
 .text.z_clock_elapsed
                0x00000000000013ae        0x4 zephyr/libzephyr.a(nrf_rtc_timer.c.obj)
                0x00000000000013ae                z_clock_elapsed
 *fill*         0x00000000000013b2        0x2 
 .text.z_clock_idle_exit
                0x00000000000013b4       0x2c zephyr/libzephyr.a(nrf_rtc_timer.c.obj)
                0x00000000000013b4                z_clock_idle_exit
 .text.z_clock_driver_init
                0x00000000000013e0       0x80 zephyr/libzephyr.a(nrf_rtc_timer.c.obj)
                0x00000000000013e0                z_clock_driver_init
 .text._timer_cycle_get_32
                0x0000000000001460       0x20 zephyr/libzephyr.a(nrf_rtc_timer.c.obj)
                0x0000000000001460                _timer_cycle_get_32
 .text._HandlerModeExit
                0x0000000000001480       0x1c zephyr/arch/arm/core/libarch__arm__core.a(exc_exit.S.obj)
                0x0000000000001480                _ExcExit
                0x0000000000001480                _IntExit
 .text._IntLibInit
                0x000000000000149c       0x18 zephyr/arch/arm/core/libarch__arm__core.a(irq_init.c.obj)
                0x000000000000149c                _IntLibInit
 .text.__swap   0x00000000000014b4       0x30 zephyr/arch/arm/core/libarch__arm__core.a(swap.c.obj)
                0x00000000000014b4                __swap
 .text.__pendsv
                0x00000000000014e4       0x44 zephyr/arch/arm/core/libarch__arm__core.a(swap_helper.S.obj)
                0x00000000000014e4                __pendsv
 .text.__svc    0x0000000000001528       0x24 zephyr/arch/arm/core/libarch__arm__core.a(swap_helper.S.obj)
                0x0000000000001528                __svc
 .text._MpuFault.isra.2
                0x000000000000154c       0x88 zephyr/arch/arm/core/libarch__arm__core.a(fault.c.obj)
 .text._BusFault.isra.3
                0x00000000000015d4       0x94 zephyr/arch/arm/core/libarch__arm__core.a(fault.c.obj)
 .text._UsageFault.isra.5
                0x0000000000001668       0x88 zephyr/arch/arm/core/libarch__arm__core.a(fault.c.obj)
 .text._Fault   0x00000000000016f0       0xcc zephyr/arch/arm/core/libarch__arm__core.a(fault.c.obj)
                0x00000000000016f0                _Fault
 .text._FaultInit
                0x00000000000017bc       0x10 zephyr/arch/arm/core/libarch__arm__core.a(fault.c.obj)
                0x00000000000017bc                _FaultInit
 .text._arch_irq_enable
                0x00000000000017cc       0x20 zephyr/arch/arm/core/libarch__arm__core.a(irq_manage.c.obj)
                0x00000000000017cc                _arch_irq_enable
 .text._arch_irq_disable
                0x00000000000017ec       0x28 zephyr/arch/arm/core/libarch__arm__core.a(irq_manage.c.obj)
                0x00000000000017ec                _arch_irq_disable
 .text._irq_priority_set
                0x0000000000001814       0x30 zephyr/arch/arm/core/libarch__arm__core.a(irq_manage.c.obj)
                0x0000000000001814                _irq_priority_set
 .text._irq_spurious
                0x0000000000001844        0x4 zephyr/arch/arm/core/libarch__arm__core.a(irq_manage.c.obj)
                0x0000000000001844                _irq_spurious
 .text._new_thread
                0x0000000000001848       0x50 zephyr/arch/arm/core/libarch__arm__core.a(thread.c.obj)
                0x0000000000001848                _new_thread
 .text._CpuIdleInit
                0x0000000000001898        0xc zephyr/arch/arm/core/libarch__arm__core.a(cpu_idle.S.obj)
                0x0000000000001898                _CpuIdleInit
 .text.k_cpu_idle
                0x00000000000018a4        0xc zephyr/arch/arm/core/libarch__arm__core.a(cpu_idle.S.obj)
                0x00000000000018a4                k_cpu_idle
 .text.__fault  0x00000000000018b0       0x28 zephyr/arch/arm/core/libarch__arm__core.a(fault_s.S.obj)
                0x00000000000018b0                __usage_fault
                0x00000000000018b0                __reserved
                0x00000000000018b0                __bus_fault
                0x00000000000018b0                __debug_monitor
                0x00000000000018b0                __mpu_fault
                0x00000000000018b0                __hard_fault
 .text._NanoFatalErrorHandler
                0x00000000000018d8       0x64 zephyr/arch/arm/core/libarch__arm__core.a(fatal.c.obj)
                0x00000000000018d8                _NanoFatalErrorHandler
 .text._do_kernel_oops
                0x000000000000193c        0x8 zephyr/arch/arm/core/libarch__arm__core.a(fatal.c.obj)
                0x000000000000193c                _do_kernel_oops
 .text._SysFatalErrorHandler
                0x0000000000001944       0x58 zephyr/arch/arm/core/libarch__arm__core.a(sys_fatal_error_handler.c.obj)
                0x0000000000001944                _SysFatalErrorHandler
 .text._impl_k_thread_abort
                0x000000000000199c       0x48 zephyr/arch/arm/core/libarch__arm__core.a(thread_abort.c.obj)
                0x000000000000199c                _impl_k_thread_abort
 .text._isr_wrapper
                0x00000000000019e4       0x3c zephyr/arch/arm/core/libarch__arm__core.a(isr_wrapper.S.obj)
                0x00000000000019e4                _isr_wrapper
 .text._reset_section
                0x0000000000001a20       0x24 zephyr/arch/arm/core/cortex_m/libarch__arm__core__cortex_m.a(reset.S.obj)
                0x0000000000001a20                __reset
                0x0000000000001a20                __start
 .text._SysNmiOnReset
                0x0000000000001a44        0x8 zephyr/arch/arm/core/cortex_m/libarch__arm__core__cortex_m.a(nmi_on_reset.S.obj)
                0x0000000000001a44                _SysNmiOnReset
 .text._PrepC   0x0000000000001a4c       0x28 zephyr/arch/arm/core/cortex_m/libarch__arm__core__cortex_m.a(prep_c.c.obj)
                0x0000000000001a4c                _PrepC
 .text.__nmi    0x0000000000001a74        0xe zephyr/arch/arm/core/cortex_m/libarch__arm__core__cortex_m.a(nmi.c.obj)
                0x0000000000001a74                __nmi
 *fill*         0x0000000000001a82        0x2 
 .text.arm_core_mpu_enable
                0x0000000000001a84       0x14 zephyr/arch/arm/core/cortex_m/mpu/libarch__arm__core__cortex_m__mpu.a(arm_mpu.c.obj)
                0x0000000000001a84                arm_core_mpu_enable
 .text.arm_mpu_init
                0x0000000000001a98       0x50 zephyr/arch/arm/core/cortex_m/mpu/libarch__arm__core__cortex_m__mpu.a(arm_mpu.c.obj)
 .text.strcpy   0x0000000000001ae8       0x14 zephyr/lib/libc/minimal/liblib__libc__minimal.a(string.c.obj)
                0x0000000000001ae8                strcpy
 .text.strcmp   0x0000000000001afc       0x18 zephyr/lib/libc/minimal/liblib__libc__minimal.a(string.c.obj)
                0x0000000000001afc                strcmp
 .text.memcpy   0x0000000000001b14       0x54 zephyr/lib/libc/minimal/liblib__libc__minimal.a(string.c.obj)
                0x0000000000001b14                memcpy
 .text.memset   0x0000000000001b68       0x44 zephyr/lib/libc/minimal/liblib__libc__minimal.a(string.c.obj)
                0x0000000000001b68                memset
 .text._stdout_hook_default
                0x0000000000001bac        0x6 zephyr/lib/libc/minimal/liblib__libc__minimal.a(stdout_console.c.obj)
 *fill*         0x0000000000001bb2        0x2 
 .text.__stdout_hook_install
                0x0000000000001bb4        0xc zephyr/lib/libc/minimal/liblib__libc__minimal.a(stdout_console.c.obj)
                0x0000000000001bb4                __stdout_hook_install
 .text.gpio_nrfx_write
                0x0000000000001bc0       0x3c zephyr/drivers/gpio/libdrivers__gpio.a(gpio_nrfx.c.obj)
 .text.gpio_nrfx_read
                0x0000000000001bfc       0x24 zephyr/drivers/gpio/libdrivers__gpio.a(gpio_nrfx.c.obj)
 .text.gpio_nrfx_manage_callback
                0x0000000000001c20       0x42 zephyr/drivers/gpio/libdrivers__gpio.a(gpio_nrfx.c.obj)
 *fill*         0x0000000000001c62        0x2 
 .text.gpio_nrfx_init
                0x0000000000001c64       0x30 zephyr/drivers/gpio/libdrivers__gpio.a(gpio_nrfx.c.obj)
 .text.check_level_trigger_pins.constprop.13
                0x0000000000001c94       0x34 zephyr/drivers/gpio/libdrivers__gpio.a(gpio_nrfx.c.obj)
 .text.gpiote_event_handler
                0x0000000000001cc8       0x9c zephyr/drivers/gpio/libdrivers__gpio.a(gpio_nrfx.c.obj)
 .text.gpiote_pin_int_cfg
                0x0000000000001d64      0x174 zephyr/drivers/gpio/libdrivers__gpio.a(gpio_nrfx.c.obj)
 .text.gpio_nrfx_config
                0x0000000000001ed8      0x124 zephyr/drivers/gpio/libdrivers__gpio.a(gpio_nrfx.c.obj)
 .text.gpio_nrfx_pin_disable_callback
                0x0000000000001ffc       0x42 zephyr/drivers/gpio/libdrivers__gpio.a(gpio_nrfx.c.obj)
 .text.gpio_nrfx_pin_enable_callback
                0x000000000000203e       0x40 zephyr/drivers/gpio/libdrivers__gpio.a(gpio_nrfx.c.obj)
 *fill*         0x000000000000207e        0x2 
 .text._sys_device_do_config_level
                0x0000000000002080       0x24 zephyr/kernel/libkernel.a(device.c.obj)
                0x0000000000002080                _sys_device_do_config_level
 .text.device_get_binding
                0x00000000000020a4       0x4c zephyr/kernel/libkernel.a(device.c.obj)
                0x00000000000020a4                device_get_binding
 .text._sys_power_save_idle_exit
                0x00000000000020f0        0x4 zephyr/kernel/libkernel.a(idle.c.obj)
                0x00000000000020f0                _sys_power_save_idle_exit
 .text.idle     0x00000000000020f4       0x30 zephyr/kernel/libkernel.a(idle.c.obj)
                0x00000000000020f4                idle
 .text._bss_zero
                0x0000000000002124       0x14 zephyr/kernel/libkernel.a(init.c.obj)
                0x0000000000002124                _bss_zero
 .text._data_copy
                0x0000000000002138       0x18 zephyr/kernel/libkernel.a(init.c.obj)
                0x0000000000002138                _data_copy
 .text.bg_thread_main
                0x0000000000002150       0x30 zephyr/kernel/libkernel.a(init.c.obj)
 .text._Cstart  0x0000000000002180      0x108 zephyr/kernel/libkernel.a(init.c.obj)
                0x0000000000002180                _Cstart
 .text._impl_k_mutex_lock
                0x0000000000002288       0xc4 zephyr/kernel/libkernel.a(mutex.c.obj)
                0x0000000000002288                _impl_k_mutex_lock
 .text._impl_k_mutex_unlock
                0x000000000000234c       0x74 zephyr/kernel/libkernel.a(mutex.c.obj)
                0x000000000000234c                _impl_k_mutex_unlock
 .text.reset_time_slice
                0x00000000000023c0       0x34 zephyr/kernel/libkernel.a(sched.c.obj)
 .text.k_spin_lock.isra.10
                0x00000000000023f4        0xe zephyr/kernel/libkernel.a(sched.c.obj)
 *fill*         0x0000000000002402        0x2 
 .text.update_cache
                0x0000000000002404       0x4c zephyr/kernel/libkernel.a(sched.c.obj)
 .text._remove_thread_from_ready_q
                0x0000000000002450       0x38 zephyr/kernel/libkernel.a(sched.c.obj)
                0x0000000000002450                _remove_thread_from_ready_q
 .text._find_first_thread_to_unpend
                0x0000000000002488       0x18 zephyr/kernel/libkernel.a(sched.c.obj)
                0x0000000000002488                _find_first_thread_to_unpend
 .text._unpend_thread_no_timeout
                0x00000000000024a0       0x22 zephyr/kernel/libkernel.a(sched.c.obj)
                0x00000000000024a0                _unpend_thread_no_timeout
 .text._unpend_first_thread
                0x00000000000024c2       0x1c zephyr/kernel/libkernel.a(sched.c.obj)
                0x00000000000024c2                _unpend_first_thread
 *fill*         0x00000000000024de        0x2 
 .text._reschedule
                0x00000000000024e0       0x30 zephyr/kernel/libkernel.a(sched.c.obj)
                0x00000000000024e0                _reschedule
 .text.k_sched_unlock
                0x0000000000002510       0x34 zephyr/kernel/libkernel.a(sched.c.obj)
                0x0000000000002510                k_sched_unlock
 .text._priq_dumb_add
                0x0000000000002544       0x40 zephyr/kernel/libkernel.a(sched.c.obj)
                0x0000000000002544                _priq_dumb_add
 .text._add_thread_to_ready_q
                0x0000000000002584       0x2c zephyr/kernel/libkernel.a(sched.c.obj)
                0x0000000000002584                _add_thread_to_ready_q
 .text._ready_thread
                0x00000000000025b0       0x12 zephyr/kernel/libkernel.a(sched.c.obj)
 .text.z_thread_timeout
                0x00000000000025c2       0x2a zephyr/kernel/libkernel.a(sched.c.obj)
                0x00000000000025c2                z_thread_timeout
 .text._move_thread_to_end_of_prio_q
                0x00000000000025ec       0x3c zephyr/kernel/libkernel.a(sched.c.obj)
                0x00000000000025ec                _move_thread_to_end_of_prio_q
 .text.z_time_slice
                0x0000000000002628       0x58 zephyr/kernel/libkernel.a(sched.c.obj)
                0x0000000000002628                z_time_slice
 .text.pend     0x0000000000002680       0x54 zephyr/kernel/libkernel.a(sched.c.obj)
 .text._pend_current_thread
                0x00000000000026d4       0x1c zephyr/kernel/libkernel.a(sched.c.obj)
                0x00000000000026d4                _pend_current_thread
 .text._thread_priority_set
                0x00000000000026f0       0x58 zephyr/kernel/libkernel.a(sched.c.obj)
                0x00000000000026f0                _thread_priority_set
 .text._sched_init
                0x0000000000002748       0x24 zephyr/kernel/libkernel.a(sched.c.obj)
                0x0000000000002748                _sched_init
 .text._impl_k_yield
                0x000000000000276c       0x58 zephyr/kernel/libkernel.a(sched.c.obj)
                0x000000000000276c                _impl_k_yield
 .text._impl_k_sleep
                0x00000000000027c4       0x80 zephyr/kernel/libkernel.a(sched.c.obj)
                0x00000000000027c4                _impl_k_sleep
 .text._impl_k_current_get
                0x0000000000002844        0xc zephyr/kernel/libkernel.a(sched.c.obj)
                0x0000000000002844                _impl_k_current_get
 .text.schedule_new_thread.part.8
                0x0000000000002850       0x44 zephyr/kernel/libkernel.a(thread.c.obj)
 .text._ready_thread
                0x0000000000002894       0x12 zephyr/kernel/libkernel.a(thread.c.obj)
 *fill*         0x00000000000028a6        0x2 
 .text.k_is_in_isr
                0x00000000000028a8       0x20 zephyr/kernel/libkernel.a(thread.c.obj)
                0x00000000000028a8                k_is_in_isr
 .text._is_thread_essential
                0x00000000000028c8       0x10 zephyr/kernel/libkernel.a(thread.c.obj)
                0x00000000000028c8                _is_thread_essential
 .text.k_busy_wait
                0x00000000000028d8       0x28 zephyr/kernel/libkernel.a(thread.c.obj)
                0x00000000000028d8                k_busy_wait
 .text._impl_k_thread_start
                0x0000000000002900       0x2e zephyr/kernel/libkernel.a(thread.c.obj)
                0x0000000000002900                _impl_k_thread_start
 *fill*         0x000000000000292e        0x2 
 .text._setup_new_thread
                0x0000000000002930       0x30 zephyr/kernel/libkernel.a(thread.c.obj)
                0x0000000000002930                _setup_new_thread
 .text._k_thread_single_abort
                0x0000000000002960       0x40 zephyr/kernel/libkernel.a(thread.c.obj)
                0x0000000000002960                _k_thread_single_abort
 .text._init_static_threads
                0x00000000000029a0       0x9c zephyr/kernel/libkernel.a(thread.c.obj)
                0x00000000000029a0                _init_static_threads
 .text._init_thread_base
                0x0000000000002a3c       0x12 zephyr/kernel/libkernel.a(thread.c.obj)
                0x0000000000002a3c                _init_thread_base
 *fill*         0x0000000000002a4e        0x2 
 .text.elapsed  0x0000000000002a50       0x14 zephyr/kernel/libkernel.a(timeout.c.obj)
 .text.k_spin_lock.isra.1
                0x0000000000002a64        0xe zephyr/kernel/libkernel.a(timeout.c.obj)
 *fill*         0x0000000000002a72        0x2 
 .text.remove_timeout
                0x0000000000002a74       0x28 zephyr/kernel/libkernel.a(timeout.c.obj)
 .text._abort_timeout
                0x0000000000002a9c       0x1e zephyr/kernel/libkernel.a(timeout.c.obj)
                0x0000000000002a9c                _abort_timeout
 *fill*         0x0000000000002aba        0x2 
 .text._get_next_timeout_expiry
                0x0000000000002abc       0x5c zephyr/kernel/libkernel.a(timeout.c.obj)
                0x0000000000002abc                _get_next_timeout_expiry
 .text._add_timeout
                0x0000000000002b18       0x70 zephyr/kernel/libkernel.a(timeout.c.obj)
                0x0000000000002b18                _add_timeout
 .text.z_clock_announce
                0x0000000000002b88       0x98 zephyr/kernel/libkernel.a(timeout.c.obj)
                0x0000000000002b88                z_clock_announce
 .text.z_tick_get
                0x0000000000002c20       0x2c zephyr/kernel/libkernel.a(timeout.c.obj)
                0x0000000000002c20                z_tick_get
 .text.z_tick_get_32
                0x0000000000002c4c        0xc zephyr/kernel/libkernel.a(timeout.c.obj)
                0x0000000000002c4c                z_tick_get_32
 .text._OffsetAbsSyms
                0x0000000000002c58        0x2 zephyr/CMakeFiles/offsets.dir/arch/arm/core/offsets/offsets.c.obj
                0x0000000000002c58                _OffsetAbsSyms
 *(.gnu.linkonce.t.*)
 *(.glue_7t)
 .glue_7t       0x0000000000002c5a        0x0 linker stubs
 *(.glue_7)
 .glue_7        0x0000000000002c5a        0x0 linker stubs
 *(.vfp11_veneer)
 .vfp11_veneer  0x0000000000002c5a        0x0 linker stubs
 *(.v4_bx)
 .v4_bx         0x0000000000002c5a        0x0 linker stubs
                0x0000000000002c5a                _image_text_end = .

.ARM.exidx      0x0000000000002c5c        0x8
                0x0000000000002c5c                __exidx_start = .
 *(.ARM.exidx* gnu.linkonce.armexidx.*)
 .ARM.exidx     0x0000000000002c5c        0x8 /home/markg/cs7ns2/gcc-arm-none-eabi/bin/../lib/gcc/arm-none-eabi/8.2.1/thumb/v7e-m/nofp/libgcc.a(_udivmoddi4.o)
                0x0000000000002c64                __exidx_end = .
                0x0000000000002c64                _image_rodata_start = .

devconfig       0x0000000000002c64       0x60
                0x0000000000002c64                __devconfig_start = .
 *(.devconfig.*)
 .devconfig.init
                0x0000000000002c64        0xc zephyr/libzephyr.a(soc.c.obj)
 .devconfig.init
                0x0000000000002c70        0xc zephyr/libzephyr.a(SEGGER_RTT_zephyr.c.obj)
 .devconfig.init
                0x0000000000002c7c        0xc zephyr/libzephyr.a(rtt_console.c.obj)
 .devconfig.init
                0x0000000000002c88       0x18 zephyr/libzephyr.a(nrf5_power_clock.c.obj)
 .devconfig.init
                0x0000000000002ca0        0xc zephyr/libzephyr.a(sys_clock_init.c.obj)
 .devconfig.init
                0x0000000000002cac        0xc zephyr/arch/arm/core/cortex_m/mpu/libarch__arm__core__cortex_m__mpu.a(arm_mpu.c.obj)
 .devconfig.init
                0x0000000000002cb8        0xc zephyr/drivers/gpio/libdrivers__gpio.a(gpio_nrfx.c.obj)
 *(SORT_BY_NAME(.devconfig*))
                0x0000000000002cc4                __devconfig_end = .

net_l2          0x0000000000002cc4        0x0
                0x0000000000002cc4                __net_l2_start = .
 *(.net_l2.init)
 *(SORT_BY_NAME(.net_l2.init*))
                0x0000000000002cc4                __net_l2_end = .

log_const_sections
                0x0000000000002cc4       0x18
                0x0000000000002cc4                __log_const_start = .
 *(SORT_BY_NAME(.log_const_*))
 .log_const_kernel
                0x0000000000002cc4        0x8 zephyr/kernel/libkernel.a(init.c.obj)
                0x0000000000002cc4                log_const_kernel
 .log_const_mpu
                0x0000000000002ccc        0x8 zephyr/arch/arm/core/cortex_m/mpu/libarch__arm__core__cortex_m__mpu.a(arm_core_mpu.c.obj)
                0x0000000000002ccc                log_const_mpu
 .log_const_soc
                0x0000000000002cd4        0x8 zephyr/libzephyr.a(soc.c.obj)
                0x0000000000002cd4                log_const_soc
                0x0000000000002cdc                __log_const_end = .

log_backends_sections
                0x0000000000002cdc        0x0
                0x0000000000002cdc                __log_backends_start = .
 *(.log_backends)
                0x0000000000002cdc                __log_backends_end = .

shell_root_cmds_sections
                0x0000000000002cdc        0x0
                0x0000000000002cdc                __shell_root_cmds_start = .
 *(SORT_BY_NAME(.shell_root_cmd_*))
                0x0000000000002cdc                __shell_root_cmds_end = .

font_entry_sections
                0x0000000000002cdc        0x0
                0x0000000000002cdc                __font_entry_start = .
 *(SORT_BY_NAME(.font_entry.*))
                0x0000000000002cdc                __font_entry_end = .

rodata          0x0000000000002cdc      0x578
 *(.rodata)
 *(.rodata.*)
 .rodata.ds18b20_get_temp.str1.1
                0x0000000000002cdc       0x15 libapp.a(main.c.obj)
 .rodata.main.str1.1
                0x0000000000002cf1       0x6f libapp.a(main.c.obj)
 .rodata.str1.1
                0x0000000000002d60        0x4 zephyr/libzephyr.a(soc.c.obj)
                                          0x5 (size before relaxing)
 .rodata.str1.1
                0x0000000000002d64        0xf zephyr/libzephyr.a(mpu_regions.c.obj)
 .rodata._DoInit.str1.1
                0x0000000000002d73       0x14 zephyr/libzephyr.a(SEGGER_RTT.c.obj)
 .rodata.str1.1
                0x0000000000002d87        0x1 zephyr/libzephyr.a(SEGGER_RTT_zephyr.c.obj)
 .rodata.str1.1
                0x0000000000002d87        0x1 zephyr/libzephyr.a(rtt_console.c.obj)
 *fill*         0x0000000000002d87        0x1 
 .rodata._k32src_clock_control_api
                0x0000000000002d88        0xc zephyr/libzephyr.a(nrf5_power_clock.c.obj)
 .rodata._m16src_clock_control_api
                0x0000000000002d94        0xc zephyr/libzephyr.a(nrf5_power_clock.c.obj)
 .rodata.str1.1
                0x0000000000002da0       0x16 zephyr/libzephyr.a(nrf5_power_clock.c.obj)
 .rodata.str1.1
                0x0000000000002db6        0xa zephyr/libzephyr.a(sys_clock_init.c.obj)
 .rodata.z_clock_driver_init.str1.1
                0x0000000000002dc0        0xb zephyr/libzephyr.a(nrf_rtc_timer.c.obj)
 .rodata._BusFault.isra.3.str1.1
                0x0000000000002dc0       0x7c zephyr/arch/arm/core/libarch__arm__core.a(fault.c.obj)
 .rodata._Fault.str1.1
                0x0000000000002e3c       0xd3 zephyr/arch/arm/core/libarch__arm__core.a(fault.c.obj)
 .rodata._MpuFault.isra.2.str1.1
                0x0000000000002f0f       0xbd zephyr/arch/arm/core/libarch__arm__core.a(fault.c.obj)
 .rodata._UsageFault.isra.5.str1.1
                0x0000000000002fcc       0xd4 zephyr/arch/arm/core/libarch__arm__core.a(fault.c.obj)
 .rodata._NanoFatalErrorHandler.str1.1
                0x00000000000030a0       0xda zephyr/arch/arm/core/libarch__arm__core.a(fatal.c.obj)
 .rodata._SysFatalErrorHandler.str1.1
                0x000000000000317a       0x5a zephyr/arch/arm/core/libarch__arm__core.a(sys_fatal_error_handler.c.obj)
 .rodata.str1.1
                0x00000000000031d4        0x4 zephyr/arch/arm/core/cortex_m/mpu/libarch__arm__core__cortex_m__mpu.a(arm_core_mpu.c.obj)
 .rodata.str1.1
                0x00000000000031d8        0x1 zephyr/arch/arm/core/cortex_m/mpu/libarch__arm__core__cortex_m__mpu.a(arm_mpu.c.obj)
 .rodata.gpio_nrfx_drv_api_funcs
                0x00000000000031d8       0x1c zephyr/drivers/gpio/libdrivers__gpio.a(gpio_nrfx.c.obj)
 .rodata.gpio_nrfx_p0_cfg
                0x00000000000031f4        0x8 zephyr/drivers/gpio/libdrivers__gpio.a(gpio_nrfx.c.obj)
 .rodata.str1.1
                0x00000000000031fc        0x7 zephyr/drivers/gpio/libdrivers__gpio.a(gpio_nrfx.c.obj)
 .rodata.config_levels
                0x00000000000031fc       0x14 zephyr/kernel/libkernel.a(device.c.obj)
 .rodata._k_neg_eagain
                0x0000000000003210        0x4 zephyr/kernel/libkernel.a(errno.c.obj)
                0x0000000000003210                _k_neg_eagain
 .rodata._Cstart.str1.1
                0x0000000000003214        0xa zephyr/kernel/libkernel.a(init.c.obj)
 *fill*         0x000000000000321e        0x2 
 .rodata._idle_thread
                0x0000000000003220        0x4 zephyr/kernel/libkernel.a(init.c.obj)
                0x0000000000003220                _idle_thread
 .rodata.bg_thread_main.str1.1
                0x0000000000003224       0x27 zephyr/kernel/libkernel.a(init.c.obj)
 .rodata.str1.1
                0x000000000000324b        0x7 zephyr/kernel/libkernel.a(init.c.obj)
 *(.gnu.linkonce.r.*)
                0x0000000000003254                . = ALIGN (0x4)
 *fill*         0x0000000000003252        0x2 
                0x0000000000003254                _image_rodata_end = .
                0x0000000000003254                _image_rom_end = .

.got            0x0000000020000000        0x0
 *(.got.plt)
 *(.igot.plt)
 .igot.plt      0x0000000020000000        0x0 zephyr/CMakeFiles/kernel_elf.dir/isr_tables.c.obj
 *(.got)
 *(.igot)
                0x0000000000000020                _app_data_align = 0x20
                0x0000000020000000                . = ALIGN (0x20)

bss             0x0000000020000000      0x618
                0x0000000020000000                . = ALIGN (0x4)
                0x0000000020000000                __bss_start = .
                0x0000000020000000                __kernel_ram_start = .
 *(.bss)
 *(.bss.*)
 .bss._acDownBuffer
                0x0000000020000000       0x10 zephyr/libzephyr.a(SEGGER_RTT.c.obj)
 .bss._acUpBuffer
                0x0000000020000010      0x400 zephyr/libzephyr.a(SEGGER_RTT.c.obj)
 .bss.host_present
                0x0000000020000410        0x1 zephyr/libzephyr.a(rtt_console.c.obj)
 .bss.k32src_initialized
                0x0000000020000411        0x1 zephyr/libzephyr.a(nrf5_power_clock.c.obj)
 .bss.m16src_grd
                0x0000000020000412        0x1 zephyr/libzephyr.a(nrf5_power_clock.c.obj)
 .bss.m16src_ref
                0x0000000020000413        0x1 zephyr/libzephyr.a(nrf5_power_clock.c.obj)
 .bss.driver_uptime
                0x0000000020000414        0x4 zephyr/libzephyr.a(nrf_rtc_timer.c.obj)
 .bss.expected_sys_ticks
                0x0000000020000418        0x4 zephyr/libzephyr.a(nrf_rtc_timer.c.obj)
 .bss.rtc_past  0x000000002000041c        0x4 zephyr/libzephyr.a(nrf_rtc_timer.c.obj)
 .bss.gpio_initialized.9910
                0x0000000020000420        0x1 zephyr/drivers/gpio/libdrivers__gpio.a(gpio_nrfx.c.obj)
 *fill*         0x0000000020000421        0x3 
 .bss.gpio_nrfx_p0_data
                0x0000000020000424       0x20 zephyr/drivers/gpio/libdrivers__gpio.a(gpio_nrfx.c.obj)
 .bss._idle_thread_s
                0x0000000020000444       0x6c zephyr/kernel/libkernel.a(init.c.obj)
 .bss._main_thread_s
                0x00000000200004b0       0x6c zephyr/kernel/libkernel.a(init.c.obj)
 .bss.slice_max_prio
                0x000000002000051c        0x4 zephyr/kernel/libkernel.a(sched.c.obj)
 .bss.slice_time
                0x0000000020000520        0x4 zephyr/kernel/libkernel.a(sched.c.obj)
 .bss.announce_remaining
                0x0000000020000524        0x4 zephyr/kernel/libkernel.a(timeout.c.obj)
 .bss.can_wait_forever
                0x0000000020000528        0x1 zephyr/kernel/libkernel.a(timeout.c.obj)
 *fill*         0x0000000020000529        0x7 
 .bss.curr_tick
                0x0000000020000530        0x8 zephyr/kernel/libkernel.a(timeout.c.obj)
 *(COMMON)
 COMMON         0x0000000020000538        0x8 libapp.a(main.c.obj)
                0x0000000020000538                dev
                0x000000002000053c                dev1
 COMMON         0x0000000020000540       0xa8 zephyr/libzephyr.a(SEGGER_RTT.c.obj)
                0x0000000020000540                _SEGGER_RTT
 COMMON         0x00000000200005e8       0x30 zephyr/kernel/libkernel.a(sched.c.obj)
                0x00000000200005e8                _kernel
 *(.kernel_bss.*)
                0x0000000020000618                __bss_end = ALIGN (0x4)

noinit          0x0000000020000618      0xd40
 *(.noinit)
 *(.noinit.*)
 .noinit."/home/markg/cs7ns2/zephyr/kernel/init.c".1
                0x0000000020000618      0x400 zephyr/kernel/libkernel.a(init.c.obj)
                0x0000000020000618                _main_stack
 .noinit."/home/markg/cs7ns2/zephyr/kernel/init.c".2
                0x0000000020000a18      0x140 zephyr/kernel/libkernel.a(init.c.obj)
                0x0000000020000a18                _idle_stack
 .noinit."/home/markg/cs7ns2/zephyr/kernel/init.c".3
                0x0000000020000b58      0x800 zephyr/kernel/libkernel.a(init.c.obj)
                0x0000000020000b58                _interrupt_stack
 *(.kernel_noinit.*)

datas           0x0000000020001358       0x34 load address 0x0000000000003254
                0x0000000020001358                __data_ram_start = .
 *(.data)
 *(.data.*)
 .data._char_out
                0x0000000020001358        0x4 zephyr/libzephyr.a(printk.c.obj)
 .data.mpu_config
                0x000000002000135c        0x8 zephyr/libzephyr.a(mpu_regions.c.obj)
                0x000000002000135c                mpu_config
 .data.mpu_regions
                0x0000000020001364       0x18 zephyr/libzephyr.a(mpu_regions.c.obj)
 .data.SystemCoreClock
                0x000000002000137c        0x4 zephyr/libzephyr.a(system_nrf52.c.obj)
                0x000000002000137c                SystemCoreClock
 .data._stdout_hook
                0x0000000020001380        0x4 zephyr/lib/libc/minimal/liblib__libc__minimal.a(stdout_console.c.obj)
 .data.timeout_list
                0x0000000020001384        0x8 zephyr/kernel/libkernel.a(timeout.c.obj)
 *(.kernel.*)
                0x0000000000003254                __data_rom_start = LOADADDR (datas)

initlevel       0x000000002000138c       0x60 load address 0x0000000000003288
                0x000000002000138c                __device_init_start = .
                0x000000002000138c                __device_PRE_KERNEL_1_start = .
 *(SORT_BY_NAME(.init_PRE_KERNEL_1[0-9]))
 .init_PRE_KERNEL_10
                0x000000002000138c        0xc zephyr/libzephyr.a(soc.c.obj)
 *(SORT_BY_NAME(.init_PRE_KERNEL_1[1-9][0-9]))
 .init_PRE_KERNEL_130
                0x0000000020001398        0xc zephyr/libzephyr.a(SEGGER_RTT_zephyr.c.obj)
 .init_PRE_KERNEL_140
                0x00000000200013a4        0xc zephyr/libzephyr.a(rtt_console.c.obj)
 .init_PRE_KERNEL_140
                0x00000000200013b0        0xc zephyr/arch/arm/core/cortex_m/mpu/libarch__arm__core__cortex_m__mpu.a(arm_mpu.c.obj)
 .init_PRE_KERNEL_150
                0x00000000200013bc       0x18 zephyr/libzephyr.a(nrf5_power_clock.c.obj)
                0x00000000200013d4                __device_PRE_KERNEL_2_start = .
 *(SORT_BY_NAME(.init_PRE_KERNEL_2[0-9]))
 .init_PRE_KERNEL_20
                0x00000000200013d4        0xc zephyr/libzephyr.a(sys_clock_init.c.obj)
 *(SORT_BY_NAME(.init_PRE_KERNEL_2[1-9][0-9]))
                0x00000000200013e0                __device_POST_KERNEL_start = .
 *(SORT_BY_NAME(.init_POST_KERNEL[0-9]))
 *(SORT_BY_NAME(.init_POST_KERNEL[1-9][0-9]))
 .init_POST_KERNEL40
                0x00000000200013e0        0xc zephyr/drivers/gpio/libdrivers__gpio.a(gpio_nrfx.c.obj)
                0x00000000200013ec                __device_APPLICATION_start = .
 *(SORT_BY_NAME(.init_APPLICATION[0-9]))
 *(SORT_BY_NAME(.init_APPLICATION[1-9][0-9]))
                0x00000000200013ec                __device_init_end = .

initlevel_error
                0x000000002000138c        0x0
 *(SORT_BY_NAME(.init_[_A-Z0-9]*))
                0x0000000000000001                ASSERT ((SIZEOF (initlevel_error) == 0x0), Undefined initialization levels used.)

initshell       0x00000000200013ec        0x0 load address 0x00000000000032e8
                0x00000000200013ec                __shell_module_start = .
 *(.shell_module_*)
                0x00000000200013ec                __shell_module_end = .
                0x00000000200013ec                __shell_cmd_start = .
 *(.shell_cmd_*)
                0x00000000200013ec                __shell_cmd_end = .

log_dynamic_sections
                0x00000000200013ec        0x0 load address 0x00000000000032e8
                0x00000000200013ec                __log_dynamic_start = .
 *(SORT_BY_NAME(.log_dynamic_*))
                0x00000000200013ec                __log_dynamic_end = .

_static_thread_area
                0x00000000200013ec        0x0 load address 0x00000000000032e8
                0x00000000200013ec                _static_thread_data_list_start = .
 *(SORT_BY_NAME(._static_thread_data.static.*))
                0x00000000200013ec                _static_thread_data_list_end = .

_k_timer_area   0x00000000200013ec        0x0 load address 0x00000000000032e8
                0x00000000200013ec                _k_timer_list_start = .
 *(SORT_BY_NAME(._k_timer.static.*))
                0x00000000200013ec                _k_timer_list_end = .

_k_mem_slab_area
                0x00000000200013ec        0x0 load address 0x00000000000032e8
                0x00000000200013ec                _k_mem_slab_list_start = .
 *(SORT_BY_NAME(._k_mem_slab.static.*))
                0x00000000200013ec                _k_mem_slab_list_end = .

_k_mem_pool_area
                0x00000000200013ec        0x0 load address 0x00000000000032e8
 *(SORT_BY_NAME(._k_memory_pool.struct*))
                0x00000000200013ec                _k_mem_pool_list_start = .
 *(SORT_BY_NAME(._k_mem_pool.static.*))
                0x00000000200013ec                _k_mem_pool_list_end = .

_k_sem_area     0x00000000200013ec        0x0 load address 0x00000000000032e8
                0x00000000200013ec                _k_sem_list_start = .
 *(SORT_BY_NAME(._k_sem.static.*))
                0x00000000200013ec                _k_sem_list_end = .

_k_mutex_area   0x00000000200013ec       0x14 load address 0x00000000000032e8
                0x00000000200013ec                _k_mutex_list_start = .
 *(SORT_BY_NAME(._k_mutex.static.*))
 ._k_mutex.static.rtt_term_mutex
                0x00000000200013ec       0x14 zephyr/libzephyr.a(SEGGER_RTT_zephyr.c.obj)
                0x00000000200013ec                rtt_term_mutex
                0x0000000020001400                _k_mutex_list_end = .

_k_alert_area   0x0000000020001400        0x0 load address 0x00000000000032fc
                0x0000000020001400                _k_alert_list_start = .
 *(SORT_BY_NAME(._k_alert.static.*))
                0x0000000020001400                _k_alert_list_end = .

_k_queue_area   0x0000000020001400        0x0 load address 0x00000000000032fc
                0x0000000020001400                _k_queue_list_start = .
 *(SORT_BY_NAME(._k_queue.static.*))
                0x0000000020001400                _k_queue_list_end = .

_k_stack_area   0x0000000020001400        0x0 load address 0x00000000000032fc
                0x0000000020001400                _k_stack_list_start = .
 *(SORT_BY_NAME(._k_stack.static.*))
                0x0000000020001400                _k_stack_list_end = .

_k_msgq_area    0x0000000020001400        0x0 load address 0x00000000000032fc
                0x0000000020001400                _k_msgq_list_start = .
 *(SORT_BY_NAME(._k_msgq.static.*))
                0x0000000020001400                _k_msgq_list_end = .

_k_mbox_area    0x0000000020001400        0x0 load address 0x00000000000032fc
                0x0000000020001400                _k_mbox_list_start = .
 *(SORT_BY_NAME(._k_mbox.static.*))
                0x0000000020001400                _k_mbox_list_end = .

_k_pipe_area    0x0000000020001400        0x0 load address 0x00000000000032fc
                0x0000000020001400                _k_pipe_list_start = .
 *(SORT_BY_NAME(._k_pipe.static.*))
                0x0000000020001400                _k_pipe_list_end = .

_k_work_area    0x0000000020001400        0x0 load address 0x00000000000032fc
                0x0000000020001400                _k_work_list_start = .
 *(SORT_BY_NAME(._k_work.static.*))
                0x0000000020001400                _k_work_list_end = .

_k_task_list    0x0000000020001400        0x0 load address 0x00000000000032fc
                0x0000000020001400                _k_task_list_start = .
 *(._k_task_list.public.*)
 *(._k_task_list.private.*)
                0x0000000020001400                _k_task_list_idle_start = .
 *(._k_task_list.idle.*)
 *(SORT_BY_NAME(._k_task_list*))
                0x0000000020001400                _k_task_list_end = .

_k_event_list   0x0000000020001400        0x0 load address 0x00000000000032fc
                0x0000000020001400                _k_event_list_start = .
 *(._k_event_list.event.*)
 *(SORT_BY_NAME(._k_event_list*))
                0x0000000020001400                _k_event_list_end = .

_k_memory_pool  0x0000000020001400        0x0 load address 0x00000000000032fc
 *(._k_memory_pool.struct*)
 *(SORT_BY_NAME(._k_memory_pool.struct*))
                0x0000000020001400                _k_mem_pool_start = .
 *(._k_memory_pool.*)
 *(SORT_BY_NAME(._k_memory_pool*))
                0x0000000020001400                _k_mem_pool_end = .

_net_buf_pool_area
                0x0000000020001400        0x0 load address 0x00000000000032fc
                0x0000000020001400                _net_buf_pool_list = .
 *(SORT_BY_NAME(._net_buf_pool.static.*))

net_if          0x0000000020001400        0x0 load address 0x00000000000032fc
                0x0000000020001400                __net_if_start = .
 *(.net_if.*)
 *(SORT_BY_NAME(.net_if.*))
                0x0000000020001400                __net_if_end = .

net_if_dev      0x0000000020001400        0x0 load address 0x00000000000032fc
                0x0000000020001400                __net_if_dev_start = .
 *(.net_if_dev.*)
 *(SORT_BY_NAME(.net_if_dev.*))
                0x0000000020001400                __net_if_dev_end = .

net_l2_data     0x0000000020001400        0x0 load address 0x00000000000032fc
                0x0000000020001400                __net_l2_data_start = .
 *(.net_l2.data)
 *(SORT_BY_NAME(.net_l2.data*))
                0x0000000020001400                __net_l2_data_end = .

priv_stacks_noinit
 *(.priv_stacks.noinit)
                0x0000000020001400                __data_ram_end = .
                0x0000000020001400                _image_ram_end = .
                0x0000000020001400                _end = .
                0x0000000020010000                __kernel_ram_end = 0x20010000
                0x0000000000010000                __kernel_ram_size = (__kernel_ram_end - __kernel_ram_start)

/DISCARD/
 *(.irq_info)
 *(.intList)

.stab
 *(.stab)

.stabstr
 *(.stabstr)

.stab.excl
 *(.stab.excl)

.stab.exclstr
 *(.stab.exclstr)

.stab.index
 *(.stab.index)

.stab.indexstr
 *(.stab.indexstr)

.comment        0x0000000000000000       0x75
 *(.comment)
 .comment       0x0000000000000000       0x75 zephyr/CMakeFiles/kernel_elf.dir/isr_tables.c.obj
                                         0x76 (size before relaxing)
 .comment       0x0000000000000075       0x76 libapp.a(main.c.obj)
 .comment       0x0000000000000075       0x76 zephyr/libzephyr.a(isr_tables.c.obj)
 .comment       0x0000000000000075       0x76 zephyr/libzephyr.a(thread_entry.c.obj)
 .comment       0x0000000000000075       0x76 zephyr/libzephyr.a(printk.c.obj)
 .comment       0x0000000000000075       0x76 zephyr/libzephyr.a(configs.c.obj)
 .comment       0x0000000000000075       0x76 zephyr/libzephyr.a(soc.c.obj)
 .comment       0x0000000000000075       0x76 zephyr/libzephyr.a(mpu_regions.c.obj)
 .comment       0x0000000000000075       0x76 zephyr/libzephyr.a(system_nrf52.c.obj)
 .comment       0x0000000000000075       0x76 zephyr/libzephyr.a(SEGGER_RTT.c.obj)
 .comment       0x0000000000000075       0x76 zephyr/libzephyr.a(SEGGER_RTT_zephyr.c.obj)
 .comment       0x0000000000000075       0x76 zephyr/libzephyr.a(rtt_console.c.obj)
 .comment       0x0000000000000075       0x76 zephyr/libzephyr.a(nrf5_power_clock.c.obj)
 .comment       0x0000000000000075       0x76 zephyr/libzephyr.a(sys_clock_init.c.obj)
 .comment       0x0000000000000075       0x76 zephyr/libzephyr.a(nrf_rtc_timer.c.obj)
 .comment       0x0000000000000075       0x76 zephyr/arch/arm/core/libarch__arm__core.a(irq_init.c.obj)
 .comment       0x0000000000000075       0x76 zephyr/arch/arm/core/libarch__arm__core.a(swap.c.obj)
 .comment       0x0000000000000075       0x76 zephyr/arch/arm/core/libarch__arm__core.a(fault.c.obj)
 .comment       0x0000000000000075       0x76 zephyr/arch/arm/core/libarch__arm__core.a(irq_manage.c.obj)
 .comment       0x0000000000000075       0x76 zephyr/arch/arm/core/libarch__arm__core.a(thread.c.obj)
 .comment       0x0000000000000075       0x76 zephyr/arch/arm/core/libarch__arm__core.a(fatal.c.obj)
 .comment       0x0000000000000075       0x76 zephyr/arch/arm/core/libarch__arm__core.a(sys_fatal_error_handler.c.obj)
 .comment       0x0000000000000075       0x76 zephyr/arch/arm/core/libarch__arm__core.a(thread_abort.c.obj)
 .comment       0x0000000000000075       0x76 zephyr/arch/arm/core/cortex_m/libarch__arm__core__cortex_m.a(prep_c.c.obj)
 .comment       0x0000000000000075       0x76 zephyr/arch/arm/core/cortex_m/libarch__arm__core__cortex_m.a(nmi.c.obj)
 .comment       0x0000000000000075       0x76 zephyr/arch/arm/core/cortex_m/mpu/libarch__arm__core__cortex_m__mpu.a(arm_core_mpu.c.obj)
 .comment       0x0000000000000075       0x76 zephyr/arch/arm/core/cortex_m/mpu/libarch__arm__core__cortex_m__mpu.a(arm_mpu.c.obj)
 .comment       0x0000000000000075       0x76 zephyr/lib/libc/minimal/liblib__libc__minimal.a(string.c.obj)
 .comment       0x0000000000000075       0x76 zephyr/lib/libc/minimal/liblib__libc__minimal.a(stdout_console.c.obj)
 .comment       0x0000000000000075       0x76 zephyr/drivers/gpio/libdrivers__gpio.a(gpio_nrfx.c.obj)
 .comment       0x0000000000000075       0x76 zephyr/kernel/libkernel.a(device.c.obj)
 .comment       0x0000000000000075       0x76 zephyr/kernel/libkernel.a(errno.c.obj)
 .comment       0x0000000000000075       0x76 zephyr/kernel/libkernel.a(idle.c.obj)
 .comment       0x0000000000000075       0x76 zephyr/kernel/libkernel.a(init.c.obj)
 .comment       0x0000000000000075       0x76 zephyr/kernel/libkernel.a(mutex.c.obj)
 .comment       0x0000000000000075       0x76 zephyr/kernel/libkernel.a(sched.c.obj)
 .comment       0x0000000000000075       0x76 zephyr/kernel/libkernel.a(thread.c.obj)
 .comment       0x0000000000000075       0x76 zephyr/kernel/libkernel.a(timeout.c.obj)
 .comment       0x0000000000000075       0x76 zephyr/CMakeFiles/offsets.dir/arch/arm/core/offsets/offsets.c.obj

.debug
 *(.debug)

.line
 *(.line)

.debug_srcinfo
 *(.debug_srcinfo)

.debug_sfnames
 *(.debug_sfnames)

.debug_aranges  0x0000000000000000      0xbe0
 *(.debug_aranges)
 .debug_aranges
                0x0000000000000000       0x18 zephyr/CMakeFiles/kernel_elf.dir/isr_tables.c.obj
 .debug_aranges
                0x0000000000000018       0x60 libapp.a(main.c.obj)
 .debug_aranges
                0x0000000000000078       0x18 zephyr/libzephyr.a(isr_tables.c.obj)
 .debug_aranges
                0x0000000000000090       0x20 zephyr/libzephyr.a(thread_entry.c.obj)
 .debug_aranges
                0x00000000000000b0       0x78 zephyr/libzephyr.a(printk.c.obj)
 .debug_aranges
                0x0000000000000128       0x20 zephyr/libzephyr.a(configs.c.obj)
 .debug_aranges
                0x0000000000000148       0x20 zephyr/libzephyr.a(soc.c.obj)
 .debug_aranges
                0x0000000000000168       0x18 zephyr/libzephyr.a(mpu_regions.c.obj)
 .debug_aranges
                0x0000000000000180       0x38 zephyr/libzephyr.a(system_nrf52.c.obj)
 .debug_aranges
                0x00000000000001b8      0x118 zephyr/libzephyr.a(SEGGER_RTT.c.obj)
 .debug_aranges
                0x00000000000002d0       0x20 zephyr/libzephyr.a(SEGGER_RTT_zephyr.c.obj)
 .debug_aranges
                0x00000000000002f0       0x28 zephyr/libzephyr.a(rtt_console.c.obj)
 .debug_aranges
                0x0000000000000318       0x40 zephyr/libzephyr.a(nrf5_power_clock.c.obj)
 .debug_aranges
                0x0000000000000358       0x30 zephyr/libzephyr.a(sys_clock_init.c.obj)
 .debug_aranges
                0x0000000000000388       0x60 zephyr/libzephyr.a(nrf_rtc_timer.c.obj)
 .debug_aranges
                0x00000000000003e8       0x20 zephyr/arch/arm/core/libarch__arm__core.a(exc_exit.S.obj)
 .debug_aranges
                0x0000000000000408       0x20 zephyr/arch/arm/core/libarch__arm__core.a(irq_init.c.obj)
 .debug_aranges
                0x0000000000000428       0x20 zephyr/arch/arm/core/libarch__arm__core.a(swap.c.obj)
 .debug_aranges
                0x0000000000000448       0x28 zephyr/arch/arm/core/libarch__arm__core.a(swap_helper.S.obj)
 .debug_aranges
                0x0000000000000470       0x40 zephyr/arch/arm/core/libarch__arm__core.a(fault.c.obj)
 .debug_aranges
                0x00000000000004b0       0x50 zephyr/arch/arm/core/libarch__arm__core.a(irq_manage.c.obj)
 .debug_aranges
                0x0000000000000500       0x20 zephyr/arch/arm/core/libarch__arm__core.a(thread.c.obj)
 .debug_aranges
                0x0000000000000520       0x40 zephyr/arch/arm/core/libarch__arm__core.a(cpu_idle.S.obj)
 .debug_aranges
                0x0000000000000560       0x20 zephyr/arch/arm/core/libarch__arm__core.a(fault_s.S.obj)
 .debug_aranges
                0x0000000000000580       0x30 zephyr/arch/arm/core/libarch__arm__core.a(fatal.c.obj)
 .debug_aranges
                0x00000000000005b0       0x20 zephyr/arch/arm/core/libarch__arm__core.a(sys_fatal_error_handler.c.obj)
 .debug_aranges
                0x00000000000005d0       0x20 zephyr/arch/arm/core/libarch__arm__core.a(thread_abort.c.obj)
 .debug_aranges
                0x00000000000005f0       0x20 zephyr/arch/arm/core/libarch__arm__core.a(isr_wrapper.S.obj)
 .debug_aranges
                0x0000000000000610       0x20 zephyr/arch/arm/core/cortex_m/libarch__arm__core__cortex_m.a(reset.S.obj)
 .debug_aranges
                0x0000000000000630       0x20 zephyr/arch/arm/core/cortex_m/libarch__arm__core__cortex_m.a(nmi_on_reset.S.obj)
 .debug_aranges
                0x0000000000000650       0x20 zephyr/arch/arm/core/cortex_m/libarch__arm__core__cortex_m.a(prep_c.c.obj)
 .debug_aranges
                0x0000000000000670       0x20 zephyr/arch/arm/core/cortex_m/libarch__arm__core__cortex_m.a(nmi.c.obj)
 .debug_aranges
                0x0000000000000690       0x18 zephyr/arch/arm/core/cortex_m/mpu/libarch__arm__core__cortex_m__mpu.a(arm_core_mpu.c.obj)
 .debug_aranges
                0x00000000000006a8       0x30 zephyr/arch/arm/core/cortex_m/mpu/libarch__arm__core__cortex_m__mpu.a(arm_mpu.c.obj)
 .debug_aranges
                0x00000000000006d8       0x88 zephyr/lib/libc/minimal/liblib__libc__minimal.a(string.c.obj)
 .debug_aranges
                0x0000000000000760       0x58 zephyr/lib/libc/minimal/liblib__libc__minimal.a(stdout_console.c.obj)
 .debug_aranges
                0x00000000000007b8       0x68 zephyr/drivers/gpio/libdrivers__gpio.a(gpio_nrfx.c.obj)
 .debug_aranges
                0x0000000000000820       0x30 zephyr/kernel/libkernel.a(device.c.obj)
 .debug_aranges
                0x0000000000000850       0x20 zephyr/kernel/libkernel.a(errno.c.obj)
 .debug_aranges
                0x0000000000000870       0x28 zephyr/kernel/libkernel.a(idle.c.obj)
 .debug_aranges
                0x0000000000000898       0x48 zephyr/kernel/libkernel.a(init.c.obj)
 .debug_aranges
                0x00000000000008e0       0x30 zephyr/kernel/libkernel.a(mutex.c.obj)
 .debug_aranges
                0x0000000000000910      0x160 zephyr/kernel/libkernel.a(sched.c.obj)
 .debug_aranges
                0x0000000000000a70       0xc8 zephyr/kernel/libkernel.a(thread.c.obj)
 .debug_aranges
                0x0000000000000b38       0x88 zephyr/kernel/libkernel.a(timeout.c.obj)
 .debug_aranges
                0x0000000000000bc0       0x20 zephyr/CMakeFiles/offsets.dir/arch/arm/core/offsets/offsets.c.obj

.debug_pubnames
 *(.debug_pubnames)

.debug_info     0x0000000000000000    0x2469a
 *(.debug_info .gnu.linkonce.wi.*)
 .debug_info    0x0000000000000000       0xe4 zephyr/CMakeFiles/kernel_elf.dir/isr_tables.c.obj
 .debug_info    0x00000000000000e4     0x1873 libapp.a(main.c.obj)
 .debug_info    0x0000000000001957      0x11e zephyr/libzephyr.a(isr_tables.c.obj)
 .debug_info    0x0000000000001a75      0x7ab zephyr/libzephyr.a(thread_entry.c.obj)
 .debug_info    0x0000000000002220     0x112a zephyr/libzephyr.a(printk.c.obj)
 .debug_info    0x000000000000334a       0x38 zephyr/libzephyr.a(configs.c.obj)
 .debug_info    0x0000000000003382     0x11c7 zephyr/libzephyr.a(soc.c.obj)
 .debug_info    0x0000000000004549      0x17c zephyr/libzephyr.a(mpu_regions.c.obj)
 .debug_info    0x00000000000046c5     0x11a4 zephyr/libzephyr.a(system_nrf52.c.obj)
 .debug_info    0x0000000000005869     0x1e36 zephyr/libzephyr.a(SEGGER_RTT.c.obj)
 .debug_info    0x000000000000769f      0x9b5 zephyr/libzephyr.a(SEGGER_RTT_zephyr.c.obj)
 .debug_info    0x0000000000008054      0xbd0 zephyr/libzephyr.a(rtt_console.c.obj)
 .debug_info    0x0000000000008c24     0x1a9d zephyr/libzephyr.a(nrf5_power_clock.c.obj)
 .debug_info    0x000000000000a6c1      0x830 zephyr/libzephyr.a(sys_clock_init.c.obj)
 .debug_info    0x000000000000aef1     0x1456 zephyr/libzephyr.a(nrf_rtc_timer.c.obj)
 .debug_info    0x000000000000c347       0x26 zephyr/arch/arm/core/libarch__arm__core.a(exc_exit.S.obj)
 .debug_info    0x000000000000c36d      0xb41 zephyr/arch/arm/core/libarch__arm__core.a(irq_init.c.obj)
 .debug_info    0x000000000000ceae      0xa5a zephyr/arch/arm/core/libarch__arm__core.a(swap.c.obj)
 .debug_info    0x000000000000d908       0x22 zephyr/arch/arm/core/libarch__arm__core.a(swap_helper.S.obj)
 .debug_info    0x000000000000d92a     0x1618 zephyr/arch/arm/core/libarch__arm__core.a(fault.c.obj)
 .debug_info    0x000000000000ef42      0xeca zephyr/arch/arm/core/libarch__arm__core.a(irq_manage.c.obj)
 .debug_info    0x000000000000fe0c      0xb71 zephyr/arch/arm/core/libarch__arm__core.a(thread.c.obj)
 .debug_info    0x000000000001097d       0x22 zephyr/arch/arm/core/libarch__arm__core.a(cpu_idle.S.obj)
 .debug_info    0x000000000001099f       0x26 zephyr/arch/arm/core/libarch__arm__core.a(fault_s.S.obj)
 .debug_info    0x00000000000109c5     0x1010 zephyr/arch/arm/core/libarch__arm__core.a(fatal.c.obj)
 .debug_info    0x00000000000119d5      0xa73 zephyr/arch/arm/core/libarch__arm__core.a(sys_fatal_error_handler.c.obj)
 .debug_info    0x0000000000012448      0xb36 zephyr/arch/arm/core/libarch__arm__core.a(thread_abort.c.obj)
 .debug_info    0x0000000000012f7e       0x26 zephyr/arch/arm/core/libarch__arm__core.a(isr_wrapper.S.obj)
 .debug_info    0x0000000000012fa4       0x26 zephyr/arch/arm/core/cortex_m/libarch__arm__core__cortex_m.a(reset.S.obj)
 .debug_info    0x0000000000012fca       0x26 zephyr/arch/arm/core/cortex_m/libarch__arm__core__cortex_m.a(nmi_on_reset.S.obj)
 .debug_info    0x0000000000012ff0      0xa51 zephyr/arch/arm/core/cortex_m/libarch__arm__core__cortex_m.a(prep_c.c.obj)
 .debug_info    0x0000000000013a41      0x69d zephyr/arch/arm/core/cortex_m/libarch__arm__core__cortex_m.a(nmi.c.obj)
 .debug_info    0x00000000000140de      0xa6e zephyr/arch/arm/core/cortex_m/mpu/libarch__arm__core__cortex_m__mpu.a(arm_core_mpu.c.obj)
 .debug_info    0x0000000000014b4c      0xef5 zephyr/arch/arm/core/cortex_m/mpu/libarch__arm__core__cortex_m__mpu.a(arm_mpu.c.obj)
 .debug_info    0x0000000000015a41      0x65d zephyr/lib/libc/minimal/liblib__libc__minimal.a(string.c.obj)
 .debug_info    0x000000000001609e      0x67f zephyr/lib/libc/minimal/liblib__libc__minimal.a(stdout_console.c.obj)
 .debug_info    0x000000000001671d     0x2786 zephyr/drivers/gpio/libdrivers__gpio.a(gpio_nrfx.c.obj)
 .debug_info    0x0000000000018ea3      0x908 zephyr/kernel/libkernel.a(device.c.obj)
 .debug_info    0x00000000000197ab      0x8b2 zephyr/kernel/libkernel.a(errno.c.obj)
 .debug_info    0x000000000001a05d      0xa58 zephyr/kernel/libkernel.a(idle.c.obj)
 .debug_info    0x000000000001aab5     0x1c26 zephyr/kernel/libkernel.a(init.c.obj)
 .debug_info    0x000000000001c6db     0x1071 zephyr/kernel/libkernel.a(mutex.c.obj)
 .debug_info    0x000000000001d74c     0x34b1 zephyr/kernel/libkernel.a(sched.c.obj)
 .debug_info    0x0000000000020bfd     0x1b6b zephyr/kernel/libkernel.a(thread.c.obj)
 .debug_info    0x0000000000022768     0x170b zephyr/kernel/libkernel.a(timeout.c.obj)
 .debug_info    0x0000000000023e73      0x827 zephyr/CMakeFiles/offsets.dir/arch/arm/core/offsets/offsets.c.obj

.debug_abbrev   0x0000000000000000     0x7791
 *(.debug_abbrev)
 .debug_abbrev  0x0000000000000000       0xc3 zephyr/CMakeFiles/kernel_elf.dir/isr_tables.c.obj
 .debug_abbrev  0x00000000000000c3      0x478 libapp.a(main.c.obj)
 .debug_abbrev  0x000000000000053b       0xd4 zephyr/libzephyr.a(isr_tables.c.obj)
 .debug_abbrev  0x000000000000060f      0x257 zephyr/libzephyr.a(thread_entry.c.obj)
 .debug_abbrev  0x0000000000000866      0x4b5 zephyr/libzephyr.a(printk.c.obj)
 .debug_abbrev  0x0000000000000d1b       0x2e zephyr/libzephyr.a(configs.c.obj)
 .debug_abbrev  0x0000000000000d49      0x384 zephyr/libzephyr.a(soc.c.obj)
 .debug_abbrev  0x00000000000010cd       0xc6 zephyr/libzephyr.a(mpu_regions.c.obj)
 .debug_abbrev  0x0000000000001193      0x245 zephyr/libzephyr.a(system_nrf52.c.obj)
 .debug_abbrev  0x00000000000013d8      0x3fb zephyr/libzephyr.a(SEGGER_RTT.c.obj)
 .debug_abbrev  0x00000000000017d3      0x21c zephyr/libzephyr.a(SEGGER_RTT_zephyr.c.obj)
 .debug_abbrev  0x00000000000019ef      0x31a zephyr/libzephyr.a(rtt_console.c.obj)
 .debug_abbrev  0x0000000000001d09      0x4a3 zephyr/libzephyr.a(nrf5_power_clock.c.obj)
 .debug_abbrev  0x00000000000021ac      0x233 zephyr/libzephyr.a(sys_clock_init.c.obj)
 .debug_abbrev  0x00000000000023df      0x503 zephyr/libzephyr.a(nrf_rtc_timer.c.obj)
 .debug_abbrev  0x00000000000028e2       0x14 zephyr/arch/arm/core/libarch__arm__core.a(exc_exit.S.obj)
 .debug_abbrev  0x00000000000028f6      0x26f zephyr/arch/arm/core/libarch__arm__core.a(irq_init.c.obj)
 .debug_abbrev  0x0000000000002b65      0x233 zephyr/arch/arm/core/libarch__arm__core.a(swap.c.obj)
 .debug_abbrev  0x0000000000002d98       0x12 zephyr/arch/arm/core/libarch__arm__core.a(swap_helper.S.obj)
 .debug_abbrev  0x0000000000002daa      0x406 zephyr/arch/arm/core/libarch__arm__core.a(fault.c.obj)
 .debug_abbrev  0x00000000000031b0      0x37d zephyr/arch/arm/core/libarch__arm__core.a(irq_manage.c.obj)
 .debug_abbrev  0x000000000000352d      0x28a zephyr/arch/arm/core/libarch__arm__core.a(thread.c.obj)
 .debug_abbrev  0x00000000000037b7       0x12 zephyr/arch/arm/core/libarch__arm__core.a(cpu_idle.S.obj)
 .debug_abbrev  0x00000000000037c9       0x14 zephyr/arch/arm/core/libarch__arm__core.a(fault_s.S.obj)
 .debug_abbrev  0x00000000000037dd      0x320 zephyr/arch/arm/core/libarch__arm__core.a(fatal.c.obj)
 .debug_abbrev  0x0000000000003afd      0x29c zephyr/arch/arm/core/libarch__arm__core.a(sys_fatal_error_handler.c.obj)
 .debug_abbrev  0x0000000000003d99      0x2d8 zephyr/arch/arm/core/libarch__arm__core.a(thread_abort.c.obj)
 .debug_abbrev  0x0000000000004071       0x14 zephyr/arch/arm/core/libarch__arm__core.a(isr_wrapper.S.obj)
 .debug_abbrev  0x0000000000004085       0x14 zephyr/arch/arm/core/cortex_m/libarch__arm__core__cortex_m.a(reset.S.obj)
 .debug_abbrev  0x0000000000004099       0x14 zephyr/arch/arm/core/cortex_m/libarch__arm__core__cortex_m.a(nmi_on_reset.S.obj)
 .debug_abbrev  0x00000000000040ad      0x228 zephyr/arch/arm/core/cortex_m/libarch__arm__core__cortex_m.a(prep_c.c.obj)
 .debug_abbrev  0x00000000000042d5      0x1ba zephyr/arch/arm/core/cortex_m/libarch__arm__core__cortex_m.a(nmi.c.obj)
 .debug_abbrev  0x000000000000448f      0x1cc zephyr/arch/arm/core/cortex_m/mpu/libarch__arm__core__cortex_m__mpu.a(arm_core_mpu.c.obj)
 .debug_abbrev  0x000000000000465b      0x386 zephyr/arch/arm/core/cortex_m/mpu/libarch__arm__core__cortex_m__mpu.a(arm_mpu.c.obj)
 .debug_abbrev  0x00000000000049e1      0x1a0 zephyr/lib/libc/minimal/liblib__libc__minimal.a(string.c.obj)
 .debug_abbrev  0x0000000000004b81      0x26e zephyr/lib/libc/minimal/liblib__libc__minimal.a(stdout_console.c.obj)
 .debug_abbrev  0x0000000000004def      0x572 zephyr/drivers/gpio/libdrivers__gpio.a(gpio_nrfx.c.obj)
 .debug_abbrev  0x0000000000005361      0x2ca zephyr/kernel/libkernel.a(device.c.obj)
 .debug_abbrev  0x000000000000562b      0x1ec zephyr/kernel/libkernel.a(errno.c.obj)
 .debug_abbrev  0x0000000000005817      0x2dd zephyr/kernel/libkernel.a(idle.c.obj)
 .debug_abbrev  0x0000000000005af4      0x58f zephyr/kernel/libkernel.a(init.c.obj)
 .debug_abbrev  0x0000000000006083      0x3df zephyr/kernel/libkernel.a(mutex.c.obj)
 .debug_abbrev  0x0000000000006462      0x673 zephyr/kernel/libkernel.a(sched.c.obj)
 .debug_abbrev  0x0000000000006ad5      0x60d zephyr/kernel/libkernel.a(thread.c.obj)
 .debug_abbrev  0x00000000000070e2      0x4fd zephyr/kernel/libkernel.a(timeout.c.obj)
 .debug_abbrev  0x00000000000075df      0x1b2 zephyr/CMakeFiles/offsets.dir/arch/arm/core/offsets/offsets.c.obj

.debug_line     0x0000000000000000     0xde40
 *(.debug_line .debug_line.* .debug_line_end)
 .debug_line    0x0000000000000000       0x9c zephyr/CMakeFiles/kernel_elf.dir/isr_tables.c.obj
 .debug_line    0x000000000000009c      0x747 libapp.a(main.c.obj)
 .debug_line    0x00000000000007e3       0xbb zephyr/libzephyr.a(isr_tables.c.obj)
 .debug_line    0x000000000000089e      0x223 zephyr/libzephyr.a(thread_entry.c.obj)
 .debug_line    0x0000000000000ac1      0x776 zephyr/libzephyr.a(printk.c.obj)
 .debug_line    0x0000000000001237      0x138 zephyr/libzephyr.a(configs.c.obj)
 .debug_line    0x000000000000136f      0x460 zephyr/libzephyr.a(soc.c.obj)
 .debug_line    0x00000000000017cf      0x1ac zephyr/libzephyr.a(mpu_regions.c.obj)
 .debug_line    0x000000000000197b      0x4fe zephyr/libzephyr.a(system_nrf52.c.obj)
 .debug_line    0x0000000000001e79     0x113f zephyr/libzephyr.a(SEGGER_RTT.c.obj)
 .debug_line    0x0000000000002fb8      0x226 zephyr/libzephyr.a(SEGGER_RTT_zephyr.c.obj)
 .debug_line    0x00000000000031de      0x34f zephyr/libzephyr.a(rtt_console.c.obj)
 .debug_line    0x000000000000352d      0x902 zephyr/libzephyr.a(nrf5_power_clock.c.obj)
 .debug_line    0x0000000000003e2f      0x21c zephyr/libzephyr.a(sys_clock_init.c.obj)
 .debug_line    0x000000000000404b      0x77b zephyr/libzephyr.a(nrf_rtc_timer.c.obj)
 .debug_line    0x00000000000047c6       0x73 zephyr/arch/arm/core/libarch__arm__core.a(exc_exit.S.obj)
 .debug_line    0x0000000000004839      0x323 zephyr/arch/arm/core/libarch__arm__core.a(irq_init.c.obj)
 .debug_line    0x0000000000004b5c      0x3ac zephyr/arch/arm/core/libarch__arm__core.a(swap.c.obj)
 .debug_line    0x0000000000004f08       0xb1 zephyr/arch/arm/core/libarch__arm__core.a(swap_helper.S.obj)
 .debug_line    0x0000000000004fb9      0x70a zephyr/arch/arm/core/libarch__arm__core.a(fault.c.obj)
 .debug_line    0x00000000000056c3      0x4cf zephyr/arch/arm/core/libarch__arm__core.a(irq_manage.c.obj)
 .debug_line    0x0000000000005b92      0x42c zephyr/arch/arm/core/libarch__arm__core.a(thread.c.obj)
 .debug_line    0x0000000000005fbe       0xb8 zephyr/arch/arm/core/libarch__arm__core.a(cpu_idle.S.obj)
 .debug_line    0x0000000000006076       0x71 zephyr/arch/arm/core/libarch__arm__core.a(fault_s.S.obj)
 .debug_line    0x00000000000060e7      0x4ad zephyr/arch/arm/core/libarch__arm__core.a(fatal.c.obj)
 .debug_line    0x0000000000006594      0x414 zephyr/arch/arm/core/libarch__arm__core.a(sys_fatal_error_handler.c.obj)
 .debug_line    0x00000000000069a8      0x410 zephyr/arch/arm/core/libarch__arm__core.a(thread_abort.c.obj)
 .debug_line    0x0000000000006db8       0x84 zephyr/arch/arm/core/libarch__arm__core.a(isr_wrapper.S.obj)
 .debug_line    0x0000000000006e3c       0x77 zephyr/arch/arm/core/cortex_m/libarch__arm__core__cortex_m.a(reset.S.obj)
 .debug_line    0x0000000000006eb3       0x70 zephyr/arch/arm/core/cortex_m/libarch__arm__core__cortex_m.a(nmi_on_reset.S.obj)
 .debug_line    0x0000000000006f23      0x376 zephyr/arch/arm/core/cortex_m/libarch__arm__core__cortex_m.a(prep_c.c.obj)
 .debug_line    0x0000000000007299      0x22c zephyr/arch/arm/core/cortex_m/libarch__arm__core__cortex_m.a(nmi.c.obj)
 .debug_line    0x00000000000074c5      0x3d7 zephyr/arch/arm/core/cortex_m/mpu/libarch__arm__core__cortex_m__mpu.a(arm_core_mpu.c.obj)
 .debug_line    0x000000000000789c      0x594 zephyr/arch/arm/core/cortex_m/mpu/libarch__arm__core__cortex_m__mpu.a(arm_mpu.c.obj)
 .debug_line    0x0000000000007e30      0x4a5 zephyr/lib/libc/minimal/liblib__libc__minimal.a(string.c.obj)
 .debug_line    0x00000000000082d5      0x2d5 zephyr/lib/libc/minimal/liblib__libc__minimal.a(stdout_console.c.obj)
 .debug_line    0x00000000000085aa      0xe12 zephyr/drivers/gpio/libdrivers__gpio.a(gpio_nrfx.c.obj)
 .debug_line    0x00000000000093bc      0x2ea zephyr/kernel/libkernel.a(device.c.obj)
 .debug_line    0x00000000000096a6      0x32d zephyr/kernel/libkernel.a(errno.c.obj)
 .debug_line    0x00000000000099d3      0x496 zephyr/kernel/libkernel.a(idle.c.obj)
 .debug_line    0x0000000000009e69      0x740 zephyr/kernel/libkernel.a(init.c.obj)
 .debug_line    0x000000000000a5a9      0x7bd zephyr/kernel/libkernel.a(mutex.c.obj)
 .debug_line    0x000000000000ad66     0x16e1 zephyr/kernel/libkernel.a(sched.c.obj)
 .debug_line    0x000000000000c447      0xb07 zephyr/kernel/libkernel.a(thread.c.obj)
 .debug_line    0x000000000000cf4e      0xb71 zephyr/kernel/libkernel.a(timeout.c.obj)
 .debug_line    0x000000000000dabf      0x381 zephyr/CMakeFiles/offsets.dir/arch/arm/core/offsets/offsets.c.obj

.debug_frame    0x0000000000000000     0x1978
 *(.debug_frame)
 .debug_frame   0x0000000000000000      0x12c libapp.a(main.c.obj)
 .debug_frame   0x000000000000012c       0x28 zephyr/libzephyr.a(thread_entry.c.obj)
 .debug_frame   0x0000000000000154      0x184 zephyr/libzephyr.a(printk.c.obj)
 .debug_frame   0x00000000000002d8       0x20 zephyr/libzephyr.a(configs.c.obj)
 .debug_frame   0x00000000000002f8       0x28 zephyr/libzephyr.a(soc.c.obj)
 .debug_frame   0x0000000000000320       0x58 zephyr/libzephyr.a(system_nrf52.c.obj)
 .debug_frame   0x0000000000000378      0x3b0 zephyr/libzephyr.a(SEGGER_RTT.c.obj)
 .debug_frame   0x0000000000000728       0x28 zephyr/libzephyr.a(SEGGER_RTT_zephyr.c.obj)
 .debug_frame   0x0000000000000750       0x50 zephyr/libzephyr.a(rtt_console.c.obj)
 .debug_frame   0x00000000000007a0       0x9c zephyr/libzephyr.a(nrf5_power_clock.c.obj)
 .debug_frame   0x000000000000083c       0x40 zephyr/libzephyr.a(sys_clock_init.c.obj)
 .debug_frame   0x000000000000087c       0xc8 zephyr/libzephyr.a(nrf_rtc_timer.c.obj)
 .debug_frame   0x0000000000000944       0x20 zephyr/arch/arm/core/libarch__arm__core.a(irq_init.c.obj)
 .debug_frame   0x0000000000000964       0x20 zephyr/arch/arm/core/libarch__arm__core.a(swap.c.obj)
 .debug_frame   0x0000000000000984       0x98 zephyr/arch/arm/core/libarch__arm__core.a(fault.c.obj)
 .debug_frame   0x0000000000000a1c       0x88 zephyr/arch/arm/core/libarch__arm__core.a(irq_manage.c.obj)
 .debug_frame   0x0000000000000aa4       0x30 zephyr/arch/arm/core/libarch__arm__core.a(thread.c.obj)
 .debug_frame   0x0000000000000ad4       0x60 zephyr/arch/arm/core/libarch__arm__core.a(fatal.c.obj)
 .debug_frame   0x0000000000000b34       0x2c zephyr/arch/arm/core/libarch__arm__core.a(sys_fatal_error_handler.c.obj)
 .debug_frame   0x0000000000000b60       0x34 zephyr/arch/arm/core/libarch__arm__core.a(thread_abort.c.obj)
 .debug_frame   0x0000000000000b94       0x28 zephyr/arch/arm/core/cortex_m/libarch__arm__core__cortex_m.a(prep_c.c.obj)
 .debug_frame   0x0000000000000bbc       0x2c zephyr/arch/arm/core/cortex_m/libarch__arm__core__cortex_m.a(nmi.c.obj)
 .debug_frame   0x0000000000000be8       0x48 zephyr/arch/arm/core/cortex_m/mpu/libarch__arm__core__cortex_m__mpu.a(arm_mpu.c.obj)
 .debug_frame   0x0000000000000c30      0x158 zephyr/lib/libc/minimal/liblib__libc__minimal.a(string.c.obj)
 .debug_frame   0x0000000000000d88       0xb8 zephyr/lib/libc/minimal/liblib__libc__minimal.a(stdout_console.c.obj)
 .debug_frame   0x0000000000000e40      0x134 zephyr/drivers/gpio/libdrivers__gpio.a(gpio_nrfx.c.obj)
 .debug_frame   0x0000000000000f74       0x68 zephyr/kernel/libkernel.a(device.c.obj)
 .debug_frame   0x0000000000000fdc       0x20 zephyr/kernel/libkernel.a(errno.c.obj)
 .debug_frame   0x0000000000000ffc       0x38 zephyr/kernel/libkernel.a(idle.c.obj)
 .debug_frame   0x0000000000001034       0x88 zephyr/kernel/libkernel.a(init.c.obj)
 .debug_frame   0x00000000000010bc       0x60 zephyr/kernel/libkernel.a(mutex.c.obj)
 .debug_frame   0x000000000000111c      0x404 zephyr/kernel/libkernel.a(sched.c.obj)
 .debug_frame   0x0000000000001520      0x22c zephyr/kernel/libkernel.a(thread.c.obj)
 .debug_frame   0x000000000000174c      0x168 zephyr/kernel/libkernel.a(timeout.c.obj)
 .debug_frame   0x00000000000018b4       0x20 zephyr/CMakeFiles/offsets.dir/arch/arm/core/offsets/offsets.c.obj
 .debug_frame   0x00000000000018d4       0x44 /home/markg/cs7ns2/gcc-arm-none-eabi/bin/../lib/gcc/arm-none-eabi/8.2.1/thumb/v7e-m/nofp/libgcc.a(_aeabi_ldivmod.o)
 .debug_frame   0x0000000000001918       0x2c /home/markg/cs7ns2/gcc-arm-none-eabi/bin/../lib/gcc/arm-none-eabi/8.2.1/thumb/v7e-m/nofp/libgcc.a(_aeabi_uldivmod.o)
 .debug_frame   0x0000000000001944       0x34 /home/markg/cs7ns2/gcc-arm-none-eabi/bin/../lib/gcc/arm-none-eabi/8.2.1/thumb/v7e-m/nofp/libgcc.a(_udivmoddi4.o)

.debug_str      0x0000000000000000     0x501a
 *(.debug_str)
 .debug_str     0x0000000000000000      0x1f9 zephyr/CMakeFiles/kernel_elf.dir/isr_tables.c.obj
                                        0x212 (size before relaxing)
 .debug_str     0x00000000000001f9      0x5e5 libapp.a(main.c.obj)
                                        0x936 (size before relaxing)
 .debug_str     0x00000000000007de       0x5e zephyr/libzephyr.a(isr_tables.c.obj)
                                        0x25c (size before relaxing)
 .debug_str     0x000000000000083c       0x7d zephyr/libzephyr.a(thread_entry.c.obj)
                                        0x56d (size before relaxing)
 .debug_str     0x00000000000008b9      0x23a zephyr/libzephyr.a(printk.c.obj)
                                        0x8a1 (size before relaxing)
 .debug_str     0x0000000000000af3       0x2f zephyr/libzephyr.a(configs.c.obj)
                                        0x18d (size before relaxing)
 .debug_str     0x0000000000000b22      0x723 zephyr/libzephyr.a(soc.c.obj)
                                        0xe74 (size before relaxing)
 .debug_str     0x0000000000001245       0x9a zephyr/libzephyr.a(mpu_regions.c.obj)
                                        0x2c8 (size before relaxing)
 .debug_str     0x00000000000012df      0x362 zephyr/libzephyr.a(system_nrf52.c.obj)
                                        0x78a (size before relaxing)
 .debug_str     0x0000000000001641      0x4b4 zephyr/libzephyr.a(SEGGER_RTT.c.obj)
                                        0xacd (size before relaxing)
 .debug_str     0x0000000000001af5       0x8b zephyr/libzephyr.a(SEGGER_RTT_zephyr.c.obj)
                                        0x79a (size before relaxing)
 .debug_str     0x0000000000001b80       0xe2 zephyr/libzephyr.a(rtt_console.c.obj)
                                        0x87c (size before relaxing)
 .debug_str     0x0000000000001c62      0x6f6 zephyr/libzephyr.a(nrf5_power_clock.c.obj)
                                        0xfee (size before relaxing)
 .debug_str     0x0000000000002358       0xd0 zephyr/libzephyr.a(sys_clock_init.c.obj)
                                        0x70a (size before relaxing)
 .debug_str     0x0000000000002428      0x32d zephyr/libzephyr.a(nrf_rtc_timer.c.obj)
                                        0xdde (size before relaxing)
 .debug_str     0x0000000000002755       0x42 zephyr/arch/arm/core/libarch__arm__core.a(exc_exit.S.obj)
                                         0x74 (size before relaxing)
 .debug_str     0x0000000000002797       0x5b zephyr/arch/arm/core/libarch__arm__core.a(irq_init.c.obj)
                                        0x8b3 (size before relaxing)
 .debug_str     0x00000000000027f2       0xb8 zephyr/arch/arm/core/libarch__arm__core.a(swap.c.obj)
                                        0x65f (size before relaxing)
 .debug_str     0x00000000000028aa       0x36 zephyr/arch/arm/core/libarch__arm__core.a(swap_helper.S.obj)
                                         0x77 (size before relaxing)
 .debug_str     0x00000000000028e0      0x2ca zephyr/arch/arm/core/libarch__arm__core.a(fault.c.obj)
                                        0x950 (size before relaxing)
 .debug_str     0x0000000000002baa       0xdb zephyr/arch/arm/core/libarch__arm__core.a(irq_manage.c.obj)
                                        0xa3a (size before relaxing)
 .debug_str     0x0000000000002c85       0xd0 zephyr/arch/arm/core/libarch__arm__core.a(thread.c.obj)
                                        0x6b3 (size before relaxing)
 .debug_str     0x0000000000002d55       0x33 zephyr/arch/arm/core/libarch__arm__core.a(cpu_idle.S.obj)
                                         0x74 (size before relaxing)
 .debug_str     0x0000000000002d88       0x32 zephyr/arch/arm/core/libarch__arm__core.a(fault_s.S.obj)
                                         0x73 (size before relaxing)
 .debug_str     0x0000000000002dba       0x9d zephyr/arch/arm/core/libarch__arm__core.a(fatal.c.obj)
                                        0x8ce (size before relaxing)
 .debug_str     0x0000000000002e57       0x6e zephyr/arch/arm/core/libarch__arm__core.a(sys_fatal_error_handler.c.obj)
                                        0x687 (size before relaxing)
 .debug_str     0x0000000000002ec5       0x60 zephyr/arch/arm/core/libarch__arm__core.a(thread_abort.c.obj)
                                        0x69d (size before relaxing)
 .debug_str     0x0000000000002f25       0x36 zephyr/arch/arm/core/libarch__arm__core.a(isr_wrapper.S.obj)
                                         0x77 (size before relaxing)
 .debug_str     0x0000000000002f5b       0x39 zephyr/arch/arm/core/cortex_m/libarch__arm__core__cortex_m.a(reset.S.obj)
                                         0x7a (size before relaxing)
 .debug_str     0x0000000000002f94       0x40 zephyr/arch/arm/core/cortex_m/libarch__arm__core__cortex_m.a(nmi_on_reset.S.obj)
                                         0x81 (size before relaxing)
 .debug_str     0x0000000000002fd4      0x204 zephyr/arch/arm/core/cortex_m/libarch__arm__core__cortex_m.a(prep_c.c.obj)
                                        0x776 (size before relaxing)
 .debug_str     0x00000000000031d8       0x55 zephyr/arch/arm/core/cortex_m/libarch__arm__core__cortex_m.a(nmi.c.obj)
                                        0x522 (size before relaxing)
 .debug_str     0x000000000000322d       0x52 zephyr/arch/arm/core/cortex_m/mpu/libarch__arm__core__cortex_m__mpu.a(arm_core_mpu.c.obj)
                                        0x843 (size before relaxing)
 .debug_str     0x000000000000327f      0x139 zephyr/arch/arm/core/cortex_m/mpu/libarch__arm__core__cortex_m__mpu.a(arm_mpu.c.obj)
                                        0xb32 (size before relaxing)
 .debug_str     0x00000000000033b8       0xc0 zephyr/lib/libc/minimal/liblib__libc__minimal.a(string.c.obj)
                                        0x26d (size before relaxing)
 .debug_str     0x0000000000003478       0xae zephyr/lib/libc/minimal/liblib__libc__minimal.a(stdout_console.c.obj)
                                        0x2e3 (size before relaxing)
 .debug_str     0x0000000000003526      0xa89 zephyr/drivers/gpio/libdrivers__gpio.a(gpio_nrfx.c.obj)
                                       0x1304 (size before relaxing)
 .debug_str     0x0000000000003faf      0x12e zephyr/kernel/libkernel.a(device.c.obj)
                                        0x77a (size before relaxing)
 .debug_str     0x00000000000040dd       0x37 zephyr/kernel/libkernel.a(errno.c.obj)
                                        0x6fa (size before relaxing)
 .debug_str     0x0000000000004114       0xa4 zephyr/kernel/libkernel.a(idle.c.obj)
                                        0x7b9 (size before relaxing)
 .debug_str     0x00000000000041b8      0x22d zephyr/kernel/libkernel.a(init.c.obj)
                                       0x11ab (size before relaxing)
 .debug_str     0x00000000000043e5      0x1d3 zephyr/kernel/libkernel.a(mutex.c.obj)
                                        0x8b6 (size before relaxing)
 .debug_str     0x00000000000045b8      0x5e8 zephyr/kernel/libkernel.a(sched.c.obj)
                                        0xf95 (size before relaxing)
 .debug_str     0x0000000000004ba0      0x32c zephyr/kernel/libkernel.a(thread.c.obj)
                                        0xc46 (size before relaxing)
 .debug_str     0x0000000000004ecc      0x105 zephyr/kernel/libkernel.a(timeout.c.obj)
                                        0x981 (size before relaxing)
 .debug_str     0x0000000000004fd1       0x49 zephyr/CMakeFiles/offsets.dir/arch/arm/core/offsets/offsets.c.obj
                                        0x5ed (size before relaxing)

.debug_loc      0x0000000000000000     0xa1df
 *(.debug_loc)
 .debug_loc     0x0000000000000000      0x944 libapp.a(main.c.obj)
 .debug_loc     0x0000000000000944       0xc0 zephyr/libzephyr.a(thread_entry.c.obj)
 .debug_loc     0x0000000000000a04      0xc18 zephyr/libzephyr.a(printk.c.obj)
 .debug_loc     0x000000000000161c       0x7a zephyr/libzephyr.a(soc.c.obj)
 .debug_loc     0x0000000000001696     0x18c1 zephyr/libzephyr.a(SEGGER_RTT.c.obj)
 .debug_loc     0x0000000000002f57       0x25 zephyr/libzephyr.a(SEGGER_RTT_zephyr.c.obj)
 .debug_loc     0x0000000000002f7c       0xf3 zephyr/libzephyr.a(rtt_console.c.obj)
 .debug_loc     0x000000000000306f      0x65f zephyr/libzephyr.a(nrf5_power_clock.c.obj)
 .debug_loc     0x00000000000036ce       0x4a zephyr/libzephyr.a(sys_clock_init.c.obj)
 .debug_loc     0x0000000000003718      0x3db zephyr/libzephyr.a(nrf_rtc_timer.c.obj)
 .debug_loc     0x0000000000003af3       0x6a zephyr/arch/arm/core/libarch__arm__core.a(irq_init.c.obj)
 .debug_loc     0x0000000000003b5d       0x3b zephyr/arch/arm/core/libarch__arm__core.a(swap.c.obj)
 .debug_loc     0x0000000000003b98      0x38b zephyr/arch/arm/core/libarch__arm__core.a(fault.c.obj)
 .debug_loc     0x0000000000003f23      0x1d0 zephyr/arch/arm/core/libarch__arm__core.a(irq_manage.c.obj)
 .debug_loc     0x00000000000040f3      0x2ae zephyr/arch/arm/core/libarch__arm__core.a(thread.c.obj)
 .debug_loc     0x00000000000043a1      0x176 zephyr/arch/arm/core/libarch__arm__core.a(fatal.c.obj)
 .debug_loc     0x0000000000004517       0x4a zephyr/arch/arm/core/libarch__arm__core.a(sys_fatal_error_handler.c.obj)
 .debug_loc     0x0000000000004561       0x7e zephyr/arch/arm/core/libarch__arm__core.a(thread_abort.c.obj)
 .debug_loc     0x00000000000045df       0xdc zephyr/arch/arm/core/cortex_m/mpu/libarch__arm__core__cortex_m__mpu.a(arm_mpu.c.obj)
 .debug_loc     0x00000000000046bb      0xb13 zephyr/lib/libc/minimal/liblib__libc__minimal.a(string.c.obj)
 .debug_loc     0x00000000000051ce      0x574 zephyr/lib/libc/minimal/liblib__libc__minimal.a(stdout_console.c.obj)
 .debug_loc     0x0000000000005742     0x13aa zephyr/drivers/gpio/libdrivers__gpio.a(gpio_nrfx.c.obj)
 .debug_loc     0x0000000000006aec       0xcd zephyr/kernel/libkernel.a(device.c.obj)
 .debug_loc     0x0000000000006bb9       0xcb zephyr/kernel/libkernel.a(idle.c.obj)
 .debug_loc     0x0000000000006c84      0x22e zephyr/kernel/libkernel.a(init.c.obj)
 .debug_loc     0x0000000000006eb2      0x449 zephyr/kernel/libkernel.a(mutex.c.obj)
 .debug_loc     0x00000000000072fb     0x1b04 zephyr/kernel/libkernel.a(sched.c.obj)
 .debug_loc     0x0000000000008dff      0xab4 zephyr/kernel/libkernel.a(thread.c.obj)
 .debug_loc     0x00000000000098b3      0x92c zephyr/kernel/libkernel.a(timeout.c.obj)

.debug_macinfo
 *(.debug_macinfo)

.debug_weaknames
 *(.debug_weaknames)

.debug_funcnames
 *(.debug_funcnames)

.debug_typenames
 *(.debug_typenames)

.debug_varnames
 *(.debug_varnames)

.debug_pubtypes
 *(.debug_pubtypes)

.debug_ranges   0x0000000000000000     0x2108
 *(.debug_ranges)
 .debug_ranges  0x0000000000000000       0xe0 libapp.a(main.c.obj)
 .debug_ranges  0x00000000000000e0       0x10 zephyr/libzephyr.a(thread_entry.c.obj)
 .debug_ranges  0x00000000000000f0       0xe0 zephyr/libzephyr.a(printk.c.obj)
 .debug_ranges  0x00000000000001d0       0x10 zephyr/libzephyr.a(configs.c.obj)
 .debug_ranges  0x00000000000001e0       0x28 zephyr/libzephyr.a(soc.c.obj)
 .debug_ranges  0x0000000000000208       0x28 zephyr/libzephyr.a(system_nrf52.c.obj)
 .debug_ranges  0x0000000000000230      0x180 zephyr/libzephyr.a(SEGGER_RTT.c.obj)
 .debug_ranges  0x00000000000003b0       0x10 zephyr/libzephyr.a(SEGGER_RTT_zephyr.c.obj)
 .debug_ranges  0x00000000000003c0       0x30 zephyr/libzephyr.a(rtt_console.c.obj)
 .debug_ranges  0x00000000000003f0      0x160 zephyr/libzephyr.a(nrf5_power_clock.c.obj)
 .debug_ranges  0x0000000000000550       0x20 zephyr/libzephyr.a(sys_clock_init.c.obj)
 .debug_ranges  0x0000000000000570      0x120 zephyr/libzephyr.a(nrf_rtc_timer.c.obj)
 .debug_ranges  0x0000000000000690       0x38 zephyr/arch/arm/core/libarch__arm__core.a(irq_init.c.obj)
 .debug_ranges  0x00000000000006c8       0x10 zephyr/arch/arm/core/libarch__arm__core.a(swap.c.obj)
 .debug_ranges  0x00000000000006d8       0x20 zephyr/arch/arm/core/libarch__arm__core.a(swap_helper.S.obj)
 .debug_ranges  0x00000000000006f8       0xc0 zephyr/arch/arm/core/libarch__arm__core.a(fault.c.obj)
 .debug_ranges  0x00000000000007b8       0x58 zephyr/arch/arm/core/libarch__arm__core.a(irq_manage.c.obj)
 .debug_ranges  0x0000000000000810       0x38 zephyr/arch/arm/core/libarch__arm__core.a(thread.c.obj)
 .debug_ranges  0x0000000000000848       0x38 zephyr/arch/arm/core/libarch__arm__core.a(cpu_idle.S.obj)
 .debug_ranges  0x0000000000000880       0x20 zephyr/arch/arm/core/libarch__arm__core.a(fatal.c.obj)
 .debug_ranges  0x00000000000008a0       0x28 zephyr/arch/arm/core/libarch__arm__core.a(sys_fatal_error_handler.c.obj)
 .debug_ranges  0x00000000000008c8       0x28 zephyr/arch/arm/core/libarch__arm__core.a(thread_abort.c.obj)
 .debug_ranges  0x00000000000008f0       0x28 zephyr/arch/arm/core/cortex_m/libarch__arm__core__cortex_m.a(prep_c.c.obj)
 .debug_ranges  0x0000000000000918       0x10 zephyr/arch/arm/core/cortex_m/libarch__arm__core__cortex_m.a(nmi.c.obj)
 .debug_ranges  0x0000000000000928       0x50 zephyr/arch/arm/core/cortex_m/mpu/libarch__arm__core__cortex_m__mpu.a(arm_mpu.c.obj)
 .debug_ranges  0x0000000000000978       0x78 zephyr/lib/libc/minimal/liblib__libc__minimal.a(string.c.obj)
 .debug_ranges  0x00000000000009f0       0xb0 zephyr/lib/libc/minimal/liblib__libc__minimal.a(stdout_console.c.obj)
 .debug_ranges  0x0000000000000aa0      0x6f8 zephyr/drivers/gpio/libdrivers__gpio.a(gpio_nrfx.c.obj)
 .debug_ranges  0x0000000000001198       0x20 zephyr/kernel/libkernel.a(device.c.obj)
 .debug_ranges  0x00000000000011b8       0x10 zephyr/kernel/libkernel.a(errno.c.obj)
 .debug_ranges  0x00000000000011c8       0x50 zephyr/kernel/libkernel.a(idle.c.obj)
 .debug_ranges  0x0000000000001218      0x208 zephyr/kernel/libkernel.a(init.c.obj)
 .debug_ranges  0x0000000000001420       0xc0 zephyr/kernel/libkernel.a(mutex.c.obj)
 .debug_ranges  0x00000000000014e0      0x6c8 zephyr/kernel/libkernel.a(sched.c.obj)
 .debug_ranges  0x0000000000001ba8      0x260 zephyr/kernel/libkernel.a(thread.c.obj)
 .debug_ranges  0x0000000000001e08      0x2f0 zephyr/kernel/libkernel.a(timeout.c.obj)
 .debug_ranges  0x00000000000020f8       0x10 zephyr/CMakeFiles/offsets.dir/arch/arm/core/offsets/offsets.c.obj

.debug_macro
 *(.debug_macro)

.ARM.attributes
                0x0000000000000000       0x31
 *(.ARM.attributes)
 .ARM.attributes
                0x0000000000000000       0x33 zephyr/CMakeFiles/kernel_elf.dir/misc/empty_file.c.obj
 .ARM.attributes
                0x0000000000000033       0x33 zephyr/CMakeFiles/kernel_elf.dir/isr_tables.c.obj
 .ARM.attributes
                0x0000000000000066       0x2e libapp.a(main.c.obj)
 .ARM.attributes
                0x0000000000000094       0x33 zephyr/libzephyr.a(isr_tables.c.obj)
 .ARM.attributes
                0x00000000000000c7       0x2e zephyr/libzephyr.a(thread_entry.c.obj)
 .ARM.attributes
                0x00000000000000f5       0x2e zephyr/libzephyr.a(crc32_sw.c.obj)
 .ARM.attributes
                0x0000000000000123       0x2e zephyr/libzephyr.a(crc16_sw.c.obj)
 .ARM.attributes
                0x0000000000000151       0x2e zephyr/libzephyr.a(crc8_sw.c.obj)
 .ARM.attributes
                0x000000000000017f       0x2e zephyr/libzephyr.a(mempool.c.obj)
 .ARM.attributes
                0x00000000000001ad       0x2e zephyr/libzephyr.a(rb.c.obj)
 .ARM.attributes
                0x00000000000001db       0x2e zephyr/libzephyr.a(printk.c.obj)
 .ARM.attributes
                0x0000000000000209       0x2e zephyr/libzephyr.a(configs.c.obj)
 .ARM.attributes
                0x0000000000000237       0x2e zephyr/libzephyr.a(power.c.obj)
 .ARM.attributes
                0x0000000000000265       0x2e zephyr/libzephyr.a(soc.c.obj)
 .ARM.attributes
                0x0000000000000293       0x33 zephyr/libzephyr.a(mpu_regions.c.obj)
 .ARM.attributes
                0x00000000000002c6       0x2e zephyr/libzephyr.a(system_nrf52.c.obj)
 .ARM.attributes
                0x00000000000002f4       0x2e zephyr/libzephyr.a(nrfx_glue.c.obj)
 .ARM.attributes
                0x0000000000000322       0x2e zephyr/libzephyr.a(SEGGER_RTT.c.obj)
 .ARM.attributes
                0x0000000000000350       0x2e zephyr/libzephyr.a(SEGGER_RTT_zephyr.c.obj)
 .ARM.attributes
                0x000000000000037e       0x2e zephyr/libzephyr.a(rtt_console.c.obj)
 .ARM.attributes
                0x00000000000003ac       0x2e zephyr/libzephyr.a(nrf5_power_clock.c.obj)
 .ARM.attributes
                0x00000000000003da       0x2e zephyr/libzephyr.a(sys_clock_init.c.obj)
 .ARM.attributes
                0x0000000000000408       0x2e zephyr/libzephyr.a(nrf_rtc_timer.c.obj)
 .ARM.attributes
                0x0000000000000436       0x1c zephyr/arch/arm/core/libarch__arm__core.a(exc_exit.S.obj)
 .ARM.attributes
                0x0000000000000452       0x2e zephyr/arch/arm/core/libarch__arm__core.a(irq_init.c.obj)
 .ARM.attributes
                0x0000000000000480       0x2e zephyr/arch/arm/core/libarch__arm__core.a(swap.c.obj)
 .ARM.attributes
                0x00000000000004ae       0x1c zephyr/arch/arm/core/libarch__arm__core.a(swap_helper.S.obj)
 .ARM.attributes
                0x00000000000004ca       0x2e zephyr/arch/arm/core/libarch__arm__core.a(fault.c.obj)
 .ARM.attributes
                0x00000000000004f8       0x2e zephyr/arch/arm/core/libarch__arm__core.a(irq_manage.c.obj)
 .ARM.attributes
                0x0000000000000526       0x2e zephyr/arch/arm/core/libarch__arm__core.a(thread.c.obj)
 .ARM.attributes
                0x0000000000000554       0x1c zephyr/arch/arm/core/libarch__arm__core.a(cpu_idle.S.obj)
 .ARM.attributes
                0x0000000000000570       0x1c zephyr/arch/arm/core/libarch__arm__core.a(fault_s.S.obj)
 .ARM.attributes
                0x000000000000058c       0x2e zephyr/arch/arm/core/libarch__arm__core.a(fatal.c.obj)
 .ARM.attributes
                0x00000000000005ba       0x2e zephyr/arch/arm/core/libarch__arm__core.a(sys_fatal_error_handler.c.obj)
 .ARM.attributes
                0x00000000000005e8       0x2e zephyr/arch/arm/core/libarch__arm__core.a(thread_abort.c.obj)
 .ARM.attributes
                0x0000000000000616       0x1c zephyr/arch/arm/core/libarch__arm__core.a(isr_wrapper.S.obj)
 .ARM.attributes
                0x0000000000000632       0x1c zephyr/arch/arm/core/cortex_m/libarch__arm__core__cortex_m.a(vector_table.S.obj)
 .ARM.attributes
                0x000000000000064e       0x1c zephyr/arch/arm/core/cortex_m/libarch__arm__core__cortex_m.a(reset.S.obj)
 .ARM.attributes
                0x000000000000066a       0x1c zephyr/arch/arm/core/cortex_m/libarch__arm__core__cortex_m.a(nmi_on_reset.S.obj)
 .ARM.attributes
                0x0000000000000686       0x2e zephyr/arch/arm/core/cortex_m/libarch__arm__core__cortex_m.a(prep_c.c.obj)
 .ARM.attributes
                0x00000000000006b4       0x2e zephyr/arch/arm/core/cortex_m/libarch__arm__core__cortex_m.a(scb.c.obj)
 .ARM.attributes
                0x00000000000006e2       0x2e zephyr/arch/arm/core/cortex_m/libarch__arm__core__cortex_m.a(nmi.c.obj)
 .ARM.attributes
                0x0000000000000710       0x2e zephyr/arch/arm/core/cortex_m/libarch__arm__core__cortex_m.a(exc_manage.c.obj)
 .ARM.attributes